Archive member included to satisfy reference by file (symbol)

/Users/vitaliy/work/nRF51/gcc-arm-none-eabi-5_2-2015q4/bin/../lib/gcc/arm-none-eabi/5.2.1/../../../../arm-none-eabi/lib/armv6-m/libc_nano.a(lib_a-exit.o)
                              /Users/vitaliy/work/nRF51/gcc-arm-none-eabi-5_2-2015q4/bin/../lib/gcc/arm-none-eabi/5.2.1/../../../../arm-none-eabi/lib/armv6-m/crt0.o (exit)
/Users/vitaliy/work/nRF51/gcc-arm-none-eabi-5_2-2015q4/bin/../lib/gcc/arm-none-eabi/5.2.1/../../../../arm-none-eabi/lib/armv6-m/libc_nano.a(lib_a-impure.o)
                              /Users/vitaliy/work/nRF51/gcc-arm-none-eabi-5_2-2015q4/bin/../lib/gcc/arm-none-eabi/5.2.1/../../../../arm-none-eabi/lib/armv6-m/libc_nano.a(lib_a-exit.o) (_global_impure_ptr)
/Users/vitaliy/work/nRF51/gcc-arm-none-eabi-5_2-2015q4/bin/../lib/gcc/arm-none-eabi/5.2.1/../../../../arm-none-eabi/lib/armv6-m/libc_nano.a(lib_a-init.o)
                              /Users/vitaliy/work/nRF51/gcc-arm-none-eabi-5_2-2015q4/bin/../lib/gcc/arm-none-eabi/5.2.1/../../../../arm-none-eabi/lib/armv6-m/crt0.o (__libc_init_array)
/Users/vitaliy/work/nRF51/gcc-arm-none-eabi-5_2-2015q4/bin/../lib/gcc/arm-none-eabi/5.2.1/../../../../arm-none-eabi/lib/armv6-m/libc_nano.a(lib_a-memset.o)
                              /Users/vitaliy/work/nRF51/gcc-arm-none-eabi-5_2-2015q4/bin/../lib/gcc/arm-none-eabi/5.2.1/../../../../arm-none-eabi/lib/armv6-m/crt0.o (memset)
/Users/vitaliy/work/nRF51/gcc-arm-none-eabi-5_2-2015q4/bin/../lib/gcc/arm-none-eabi/5.2.1/../../../../arm-none-eabi/lib/armv6-m/libnosys.a(_exit.o)
                              /Users/vitaliy/work/nRF51/gcc-arm-none-eabi-5_2-2015q4/bin/../lib/gcc/arm-none-eabi/5.2.1/../../../../arm-none-eabi/lib/armv6-m/libc_nano.a(lib_a-exit.o) (_exit)
/Users/vitaliy/work/nRF51/gcc-arm-none-eabi-5_2-2015q4/bin/../lib/gcc/arm-none-eabi/5.2.1/armv6-m/libgcc.a(_udivsi3.o)
                              _build/bsp.o (__aeabi_uidiv)
/Users/vitaliy/work/nRF51/gcc-arm-none-eabi-5_2-2015q4/bin/../lib/gcc/arm-none-eabi/5.2.1/armv6-m/libgcc.a(_divsi3.o)
                              _build/main.o (__aeabi_idiv)
/Users/vitaliy/work/nRF51/gcc-arm-none-eabi-5_2-2015q4/bin/../lib/gcc/arm-none-eabi/5.2.1/armv6-m/libgcc.a(_dvmd_tls.o)
                              /Users/vitaliy/work/nRF51/gcc-arm-none-eabi-5_2-2015q4/bin/../lib/gcc/arm-none-eabi/5.2.1/armv6-m/libgcc.a(_udivsi3.o) (__aeabi_idiv0)
/Users/vitaliy/work/nRF51/gcc-arm-none-eabi-5_2-2015q4/bin/../lib/gcc/arm-none-eabi/5.2.1/../../../../arm-none-eabi/lib/armv6-m/libc_nano.a(lib_a-memcpy-stub.o)
                              _build/ble_advdata.o (memcpy)
/Users/vitaliy/work/nRF51/gcc-arm-none-eabi-5_2-2015q4/bin/../lib/gcc/arm-none-eabi/5.2.1/../../../../arm-none-eabi/lib/armv6-m/libc_nano.a(lib_a-printf.o)
                              _build/main.o (printf)
/Users/vitaliy/work/nRF51/gcc-arm-none-eabi-5_2-2015q4/bin/../lib/gcc/arm-none-eabi/5.2.1/../../../../arm-none-eabi/lib/armv6-m/libc_nano.a(lib_a-strlen.o)
                              _build/ble_srv_common.o (strlen)
/Users/vitaliy/work/nRF51/gcc-arm-none-eabi-5_2-2015q4/bin/../lib/gcc/arm-none-eabi/5.2.1/../../../../arm-none-eabi/lib/armv6-m/libc_nano.a(lib_a-findfp.o)
                              /Users/vitaliy/work/nRF51/gcc-arm-none-eabi-5_2-2015q4/bin/../lib/gcc/arm-none-eabi/5.2.1/../../../../arm-none-eabi/lib/armv6-m/libc_nano.a(lib_a-printf.o) (__sinit)
/Users/vitaliy/work/nRF51/gcc-arm-none-eabi-5_2-2015q4/bin/../lib/gcc/arm-none-eabi/5.2.1/../../../../arm-none-eabi/lib/armv6-m/libc_nano.a(lib_a-fwalk.o)
                              /Users/vitaliy/work/nRF51/gcc-arm-none-eabi-5_2-2015q4/bin/../lib/gcc/arm-none-eabi/5.2.1/../../../../arm-none-eabi/lib/armv6-m/libc_nano.a(lib_a-findfp.o) (_fwalk)
/Users/vitaliy/work/nRF51/gcc-arm-none-eabi-5_2-2015q4/bin/../lib/gcc/arm-none-eabi/5.2.1/../../../../arm-none-eabi/lib/armv6-m/libc_nano.a(lib_a-nano-mallocr.o)
                              /Users/vitaliy/work/nRF51/gcc-arm-none-eabi-5_2-2015q4/bin/../lib/gcc/arm-none-eabi/5.2.1/../../../../arm-none-eabi/lib/armv6-m/libc_nano.a(lib_a-findfp.o) (_malloc_r)
/Users/vitaliy/work/nRF51/gcc-arm-none-eabi-5_2-2015q4/bin/../lib/gcc/arm-none-eabi/5.2.1/../../../../arm-none-eabi/lib/armv6-m/libc_nano.a(lib_a-nano-vfprintf.o)
                              /Users/vitaliy/work/nRF51/gcc-arm-none-eabi-5_2-2015q4/bin/../lib/gcc/arm-none-eabi/5.2.1/../../../../arm-none-eabi/lib/armv6-m/libc_nano.a(lib_a-printf.o) (_vfprintf_r)
/Users/vitaliy/work/nRF51/gcc-arm-none-eabi-5_2-2015q4/bin/../lib/gcc/arm-none-eabi/5.2.1/../../../../arm-none-eabi/lib/armv6-m/libc_nano.a(lib_a-nano-vfprintf_i.o)
                              /Users/vitaliy/work/nRF51/gcc-arm-none-eabi-5_2-2015q4/bin/../lib/gcc/arm-none-eabi/5.2.1/../../../../arm-none-eabi/lib/armv6-m/libc_nano.a(lib_a-nano-vfprintf.o) (_printf_i)
/Users/vitaliy/work/nRF51/gcc-arm-none-eabi-5_2-2015q4/bin/../lib/gcc/arm-none-eabi/5.2.1/../../../../arm-none-eabi/lib/armv6-m/libc_nano.a(lib_a-sbrkr.o)
[...]
Memory Configuration

Name             Origin             Length             Attributes
FLASH            0x0000000000018000 0x0000000000028000 xr
RAM              0x0000000020002000 0x0000000000002000 xrw
*default*        0x0000000000000000 0xffffffffffffffff

Linker script and memory map

LOAD /Users/vitaliy/work/nRF51/gcc-arm-none-eabi-5_2-2015q4/bin/../lib/gcc/arm-none-eabi/5.2.1/armv6-m/crti.o
LOAD /Users/vitaliy/work/nRF51/gcc-arm-none-eabi-5_2-2015q4/bin/../lib/gcc/arm-none-eabi/5.2.1/armv6-m/crtbegin.o
LOAD /Users/vitaliy/work/nRF51/gcc-arm-none-eabi-5_2-2015q4/bin/../lib/gcc/arm-none-eabi/5.2.1/../../../../arm-none-eabi/lib/armv6-m/crt0.o
LOAD /Users/vitaliy/work/nRF51/gcc-arm-none-eabi-5_2-2015q4/bin/../lib/gcc/arm-none-eabi/5.2.1/../../../../arm-none-eabi/lib/armv6-m/libc_nano.a
LOAD /Users/vitaliy/work/nRF51/gcc-arm-none-eabi-5_2-2015q4/bin/../lib/gcc/arm-none-eabi/5.2.1/../../../../arm-none-eabi/lib/armv6-m/libnosys.a
LOAD _build/bsp.o
LOAD _build/main.o
LOAD _build/ble_advdata.o
LOAD _build/system_nrf51.o
LOAD _build/retarget.o
LOAD _build/app_fifo.o
LOAD _build/app_error.o
LOAD _build/app_timer.o
LOAD _build/nrf_assert.o
LOAD _build/ble_srv_common.o
LOAD _build/ble_conn_params.o
LOAD _build/nrf_delay.o
LOAD _build/app_button.o
LOAD _build/app_uart_fifo.o
LOAD _build/nrf_drv_uart.o
LOAD _build/app_util_platform.o
LOAD _build/nrf_drv_gpiote.o
LOAD _build/nrf_drv_common.o
LOAD _build/nrf_drv_twi.o
LOAD _build/softdevice_handler.o
LOAD _build/gcc_startup_nrf51.o
START GROUP
LOAD /Users/vitaliy/work/nRF51/gcc-arm-none-eabi-5_2-2015q4/bin/../lib/gcc/arm-none-eabi/5.2.1/armv6-m/libgcc.a
LOAD /Users/vitaliy/work/nRF51/gcc-arm-none-eabi-5_2-2015q4/bin/../lib/gcc/arm-none-eabi/5.2.1/../../../../arm-none-eabi/lib/armv6-m/libc_nano.a
END GROUP
START GROUP
LOAD /Users/vitaliy/work/nRF51/gcc-arm-none-eabi-5_2-2015q4/bin/../lib/gcc/arm-none-eabi/5.2.1/armv6-m/libgcc.a
LOAD /Users/vitaliy/work/nRF51/gcc-arm-none-eabi-5_2-2015q4/bin/../lib/gcc/arm-none-eabi/5.2.1/../../../../arm-none-eabi/lib/armv6-m/libc_nano.a
END GROUP
LOAD /Users/vitaliy/work/nRF51/gcc-arm-none-eabi-5_2-2015q4/bin/../lib/gcc/arm-none-eabi/5.2.1/armv6-m/crtend.o
LOAD /Users/vitaliy/work/nRF51/gcc-arm-none-eabi-5_2-2015q4/bin/../lib/gcc/arm-none-eabi/5.2.1/armv6-m/crtn.o
START GROUP
LOAD /Users/vitaliy/work/nRF51/gcc-arm-none-eabi-5_2-2015q4/bin/../lib/gcc/arm-none-eabi/5.2.1/armv6-m/libgcc.a
LOAD /Users/vitaliy/work/nRF51/gcc-arm-none-eabi-5_2-2015q4/bin/../lib/gcc/arm-none-eabi/5.2.1/../../../../arm-none-eabi/lib/armv6-m/libc.a
LOAD /Users/vitaliy/work/nRF51/gcc-arm-none-eabi-5_2-2015q4/bin/../lib/gcc/arm-none-eabi/5.2.1/../../../../arm-none-eabi/lib/armv6-m/libnosys.a
END GROUP

.fs_data_out    0x0000000000000000        0x0
                [!provide]                        PROVIDE (__start_fs_data, .)
 *(fs_data)
                [!provide]                        PROVIDE (__stop_fs_data, .)

.text           0x0000000000018000     0x5390
 *(.Vectors)
 .Vectors       0x0000000000018000       0xc0 _build/gcc_startup_nrf51.o
                0x0000000000018000                __Vectors
 *(.text*)
 .text          0x00000000000180c0       0xb4 /Users/vitaliy/work/nRF51/gcc-arm-none-eabi-5_2-2015q4/bin/../lib/gcc/arm-none-eabi/5.2.1/armv6-m/crtbegin.o
 .text          0x0000000000018174       0x78 /Users/vitaliy/work/nRF51/gcc-arm-none-eabi-5_2-2015q4/bin/../lib/gcc/arm-none-eabi/5.2.1/../../../../arm-none-eabi/lib/armv6-m/crt0.o
                0x0000000000018174                _mainCRTStartup
                0x0000000000018174                _start
 .text.exit     0x00000000000181ec       0x2c /Users/vitaliy/work/nRF51/gcc-arm-none-eabi-5_2-2015q4/bin/../lib/gcc/arm-none-eabi/5.2.1/../../../../arm-none-eabi/lib/armv6-m/libc_nano.a(lib_a-exit.o)
                0x00000000000181ec                exit
 .text.__libc_init_array
                0x0000000000018218       0x4c /Users/vitaliy/work/nRF51/gcc-arm-none-eabi-5_2-2015q4/bin/../lib/gcc/arm-none-eabi/5.2.1/../../../../arm-none-eabi/lib/armv6-m/libc_nano.a(lib_a-init.o)
                0x0000000000018218                __libc_init_array
 .text.memset   0x0000000000018264       0x10 /Users/vitaliy/work/nRF51/gcc-arm-none-eabi-5_2-2015q4/bin/../lib/gcc/arm-none-eabi/5.2.1/../../../../arm-none-eabi/lib/armv6-m/libc_nano.a(lib_a-memset.o)
                0x0000000000018264                memset
 .text._exit    0x0000000000018274        0x4 /Users/vitaliy/work/nRF51/gcc-arm-none-eabi-5_2-2015q4/bin/../lib/gcc/arm-none-eabi/5.2.1/../../../../arm-none-eabi/lib/armv6-m/libnosys.a(_exit.o)
                0x0000000000018274                _exit
 .text.alert_timer_handler
                0x0000000000018278       0x28 _build/bsp.o
 .text.bsp_button_event_handler
                0x00000000000182a0       0xcc _build/bsp.o
 .text.leds_timer_handler
                0x000000000001836c      0x300 _build/bsp.o
 .text.button_timer_handler
                0x000000000001866c       0x48 _build/bsp.o
 .text.bsp_indication_set
                0x00000000000186b4      0x394 _build/bsp.o
                0x00000000000186b4                bsp_indication_set
 .text.bsp_init
                0x0000000000018a48       0xc0 _build/bsp.o
                0x0000000000018a48                bsp_init
 .text.sd_ble_gap_adv_start
                0x0000000000018b08        0x4 _build/main.o
 .text.sd_ble_enable
                0x0000000000018b0c        0x4 _build/main.o
 .text.sd_app_evt_wait
                0x0000000000018b10        0x4 _build/main.o
 .text.uart_events_handler
                0x0000000000018b14       0x18 _build/main.o
 .text.twi_handler
                0x0000000000018b2c      0x1d8 _build/main.o
                0x0000000000018b2c                twi_handler
 .text.assert_nrf_callback
                0x0000000000018d04       0x14 _build/main.o
                0x0000000000018d04                assert_nrf_callback
 .text.twi_init
                0x0000000000018d18       0x40 _build/main.o
                0x0000000000018d18                twi_init
 .text.startup.main
                0x0000000000018d58      0x158 _build/main.o
                0x0000000000018d58                main
 .text.sd_ble_gap_address_get
                0x0000000000018eb0        0x4 _build/ble_advdata.o
 .text.sd_ble_gap_adv_data_set
                0x0000000000018eb4        0x4 _build/ble_advdata.o
 .text.sd_ble_gap_appearance_get
                0x0000000000018eb8        0x4 _build/ble_advdata.o
 .text.sd_ble_gap_device_name_get
                0x0000000000018ebc        0x4 _build/ble_advdata.o
 .text.sd_ble_uuid_encode
                0x0000000000018ec0        0x4 _build/ble_advdata.o
 .text.uuid_list_sized_encode
                0x0000000000018ec4       0xf8 _build/ble_advdata.o
 .text.adv_data_encode
                0x0000000000018fbc      0x5b8 _build/ble_advdata.o
                0x0000000000018fbc                adv_data_encode
 .text.ble_advdata_set
                0x0000000000019574       0x68 _build/ble_advdata.o
                0x0000000000019574                ble_advdata_set
 .text.SystemInit
                0x00000000000195dc       0x94 _build/system_nrf51.o
                0x00000000000195dc                SystemInit
 .text._write   0x0000000000019670       0x1c _build/retarget.o
                0x0000000000019670                _write
 .text._read    0x000000000001968c       0x14 _build/retarget.o
                0x000000000001968c                _read
 .text.app_fifo_init
                0x00000000000196a0       0x28 _build/app_fifo.o
                0x00000000000196a0                app_fifo_init
 .text.app_fifo_put
                0x00000000000196c8       0x28 _build/app_fifo.o
                0x00000000000196c8                app_fifo_put
 .text.app_fifo_get
                0x00000000000196f0       0x28 _build/app_fifo.o
                0x00000000000196f0                app_fifo_get
 .text.app_error_handler
                0x0000000000019718       0x18 _build/app_error.o
                0x0000000000019718                app_error_handler
 .text.rtc1_stop
                0x0000000000019730       0x78 _build/app_timer.o
 .text.RTC1_IRQHandler
                0x00000000000197a8       0xe0 _build/app_timer.o
                0x00000000000197a8                RTC1_IRQHandler
 .text.SWI0_IRQHandler
                0x0000000000019888      0x4c0 _build/app_timer.o
                0x0000000000019888                SWI0_IRQHandler
 .text.app_timer_init
                0x0000000000019d48       0xe4 _build/app_timer.o
                0x0000000000019d48                app_timer_init
 .text.app_timer_create
                0x0000000000019e2c       0x34 _build/app_timer.o
                0x0000000000019e2c                app_timer_create
 .text.app_timer_start
                0x0000000000019e60      0x108 _build/app_timer.o
                0x0000000000019e60                app_timer_start
 .text.app_timer_stop
                0x0000000000019f68       0xd0 _build/app_timer.o
                0x0000000000019f68                app_timer_stop
 .text.detection_delay_timeout_handler
                0x000000000001a038       0xa0 _build/app_button.o
 .text.gpiote_event_handler
                0x000000000001a0d8       0x5c _build/app_button.o
 .text.app_button_init
                0x000000000001a134       0xb4 _build/app_button.o
                0x000000000001a134                app_button_init
 .text.app_button_enable
                0x000000000001a1e8       0x30 _build/app_button.o
                0x000000000001a1e8                app_button_enable
 .text.uart_event_handler
                0x000000000001a218       0xc0 _build/app_uart_fifo.o
 .text.app_uart_init
                0x000000000001a2d8       0xa4 _build/app_uart_fifo.o
                0x000000000001a2d8                app_uart_init
 .text.app_uart_get
                0x000000000001a37c       0x34 _build/app_uart_fifo.o
                0x000000000001a37c                app_uart_get
 .text.app_uart_put
                0x000000000001a3b0       0x28 _build/app_uart_fifo.o
                0x000000000001a3b0                app_uart_put
 .text.nrf_drv_uart_init
                0x000000000001a3d8      0x110 _build/nrf_drv_uart.o
                0x000000000001a3d8                nrf_drv_uart_init
 .text.nrf_drv_uart_tx
                0x000000000001a4e8       0xb4 _build/nrf_drv_uart.o
                0x000000000001a4e8                nrf_drv_uart_tx
 .text.nrf_drv_uart_rx
                0x000000000001a59c       0xf0 _build/nrf_drv_uart.o
                0x000000000001a59c                nrf_drv_uart_rx
 .text.nrf_drv_uart_rx_enable
                0x000000000001a68c       0x2c _build/nrf_drv_uart.o
                0x000000000001a68c                nrf_drv_uart_rx_enable
 .text.UART0_IRQHandler
                0x000000000001a6b8      0x16c _build/nrf_drv_uart.o
                0x000000000001a6b8                UART0_IRQHandler
 .text.nrf_drv_gpiote_init
                0x000000000001a824       0x68 _build/nrf_drv_gpiote.o
                0x000000000001a824                nrf_drv_gpiote_init
 .text.nrf_drv_gpiote_is_init
                0x000000000001a88c       0x14 _build/nrf_drv_gpiote.o
                0x000000000001a88c                nrf_drv_gpiote_is_init
 .text.nrf_drv_gpiote_in_init
                0x000000000001a8a0      0x160 _build/nrf_drv_gpiote.o
                0x000000000001a8a0                nrf_drv_gpiote_in_init
 .text.nrf_drv_gpiote_in_event_enable
                0x000000000001aa00       0xa8 _build/nrf_drv_gpiote.o
                0x000000000001aa00                nrf_drv_gpiote_in_event_enable
 .text.nrf_drv_gpiote_in_is_set
                0x000000000001aaa8       0x14 _build/nrf_drv_gpiote.o
                0x000000000001aaa8                nrf_drv_gpiote_in_is_set
 .text.GPIOTE_IRQHandler
                0x000000000001aabc      0x3b0 _build/nrf_drv_gpiote.o
                0x000000000001aabc                GPIOTE_IRQHandler
 .text.nrf_drv_common_irq_enable
                0x000000000001ae6c       0x7c _build/nrf_drv_common.o
                0x000000000001ae6c                nrf_drv_common_irq_enable
 .text.sd_nvic_critical_region_enter
                0x000000000001aee8        0x4 _build/nrf_drv_twi.o
 .text.sd_nvic_critical_region_exit
                0x000000000001aeec        0x4 _build/nrf_drv_twi.o
 .text.on_error
                0x000000000001aef0       0x50 _build/nrf_drv_twi.o
 .text.ack_error
                0x000000000001af40       0x18 _build/nrf_drv_twi.o
 .text.twi_transfer
                0x000000000001af58      0x2f4 _build/nrf_drv_twi.o
 .text.rx_done  0x000000000001b24c      0x128 _build/nrf_drv_twi.o
 .text.rx_prepare
                0x000000000001b374      0x100 _build/nrf_drv_twi.o
 .text.tx_prepare
                0x000000000001b474      0x11c _build/nrf_drv_twi.o
 .text.rx_address_req
                0x000000000001b590      0x150 _build/nrf_drv_twi.o
 .text.address_req
                0x000000000001b6e0      0x16c _build/nrf_drv_twi.o
 .text.tx_done  0x000000000001b84c      0x128 _build/nrf_drv_twi.o
 .text.nrf_drv_twi_init
                0x000000000001b974      0x1d8 _build/nrf_drv_twi.o
                0x000000000001b974                nrf_drv_twi_init
 .text.nrf_drv_twi_enable
                0x000000000001bb4c       0x5c _build/nrf_drv_twi.o
                0x000000000001bb4c                nrf_drv_twi_enable
 .text.nrf_drv_twi_rx
                0x000000000001bba8       0x18 _build/nrf_drv_twi.o
                0x000000000001bba8                nrf_drv_twi_rx
 .text.SPI0_TWI0_IRQHandler
                0x000000000001bbc0      0x130 _build/nrf_drv_twi.o
                0x000000000001bbc0                SPI0_TWI0_IRQHandler
 .text.sd_nvic_EnableIRQ
                0x000000000001bcf0        0x4 _build/softdevice_handler.o
 .text.sd_evt_get
                0x000000000001bcf4        0x4 _build/softdevice_handler.o
 .text.sd_softdevice_enable
                0x000000000001bcf8        0x4 _build/softdevice_handler.o
 .text.sd_ble_evt_get
                0x000000000001bcfc        0x4 _build/softdevice_handler.o
 .text.softdevice_assertion_handler
                0x000000000001bd00        0xc _build/softdevice_handler.o
                0x000000000001bd00                softdevice_assertion_handler
 .text.intern_softdevice_events_execute.part.0
                0x000000000001bd0c       0xec _build/softdevice_handler.o
 .text.softdevice_handler_init
                0x000000000001bdf8       0x4c _build/softdevice_handler.o
                0x000000000001bdf8                softdevice_handler_init
 .text.SWI2_IRQHandler
                0x000000000001be44       0x34 _build/softdevice_handler.o
                0x000000000001be44                SWI2_IRQHandler
 .text          0x000000000001be78       0x54 _build/gcc_startup_nrf51.o
                0x000000000001be78                Reset_Handler
                0x000000000001bec0                NMI_Handler
                0x000000000001bec2                HardFault_Handler
                0x000000000001bec4                SVC_Handler
                0x000000000001bec6                PendSV_Handler
                0x000000000001bec8                SysTick_Handler
                0x000000000001beca                TEMP_IRQHandler
                0x000000000001beca                QDEC_IRQHandler
                0x000000000001beca                SWI5_IRQHandler
                0x000000000001beca                TIMER0_IRQHandler
                0x000000000001beca                TIMER1_IRQHandler
                0x000000000001beca                ECB_IRQHandler
                0x000000000001beca                Default_Handler
                0x000000000001beca                ADC_IRQHandler
                0x000000000001beca                SWI3_IRQHandler
                0x000000000001beca                CCM_AAR_IRQHandler
                0x000000000001beca                WDT_IRQHandler
                0x000000000001beca                RNG_IRQHandler
                0x000000000001beca                SPI1_TWI1_IRQHandler
                0x000000000001beca                TIMER2_IRQHandler
                0x000000000001beca                SWI1_IRQHandler
                0x000000000001beca                RTC0_IRQHandler
                0x000000000001beca                POWER_CLOCK_IRQHandler
                0x000000000001beca                RADIO_IRQHandler
                0x000000000001beca                LPCOMP_IRQHandler
                0x000000000001beca                SWI4_IRQHandler
 .text          0x000000000001becc      0x114 /Users/vitaliy/work/nRF51/gcc-arm-none-eabi-5_2-2015q4/bin/../lib/gcc/arm-none-eabi/5.2.1/armv6-m/libgcc.a(_udivsi3.o)
                0x000000000001becc                __udivsi3
                0x000000000001becc                __aeabi_uidiv
                0x000000000001bfd8                __aeabi_uidivmod
 .text          0x000000000001bfe0      0x1d4 /Users/vitaliy/work/nRF51/gcc-arm-none-eabi-5_2-2015q4/bin/../lib/gcc/arm-none-eabi/5.2.1/armv6-m/libgcc.a(_divsi3.o)
                0x000000000001bfe0                __aeabi_idiv
                0x000000000001bfe0                __divsi3
                0x000000000001c1ac                __aeabi_idivmod
 .text          0x000000000001c1b4        0x4 /Users/vitaliy/work/nRF51/gcc-arm-none-eabi-5_2-2015q4/bin/../lib/gcc/arm-none-eabi/5.2.1/armv6-m/libgcc.a(_dvmd_tls.o)
                0x000000000001c1b4                __aeabi_ldiv0
                0x000000000001c1b4                __aeabi_idiv0
 .text.memcpy   0x000000000001c1b8       0x12 /Users/vitaliy/work/nRF51/gcc-arm-none-eabi-5_2-2015q4/bin/../lib/gcc/arm-none-eabi/5.2.1/../../../../arm-none-eabi/lib/armv6-m/libc_nano.a(lib_a-memcpy-stub.o)
                0x000000000001c1b8                memcpy
 *fill*         0x000000000001c1ca        0x2 
 .text.printf   0x000000000001c1cc       0x34 /Users/vitaliy/work/nRF51/gcc-arm-none-eabi-5_2-2015q4/bin/../lib/gcc/arm-none-eabi/5.2.1/../../../../arm-none-eabi/lib/armv6-m/libc_nano.a(lib_a-printf.o)
                0x000000000001c1cc                printf
                0x000000000001c1cc                iprintf
 .text._cleanup_r
                0x000000000001c200       0x10 /Users/vitaliy/work/nRF51/gcc-arm-none-eabi-5_2-2015q4/bin/../lib/gcc/arm-none-eabi/5.2.1/../../../../arm-none-eabi/lib/armv6-m/libc_nano.a(lib_a-findfp.o)
                0x000000000001c200                _cleanup_r
 .text.std.isra.0
                0x000000000001c210       0x48 /Users/vitaliy/work/nRF51/gcc-arm-none-eabi-5_2-2015q4/bin/../lib/gcc/arm-none-eabi/5.2.1/../../../../arm-none-eabi/lib/armv6-m/libc_nano.a(lib_a-findfp.o)
 .text.__sfmoreglue
                0x000000000001c258       0x2c /Users/vitaliy/work/nRF51/gcc-arm-none-eabi-5_2-2015q4/bin/../lib/gcc/arm-none-eabi/5.2.1/../../../../arm-none-eabi/lib/armv6-m/libc_nano.a(lib_a-findfp.o)
                0x000000000001c258                __sfmoreglue
 .text.__sinit  0x000000000001c284       0x68 /Users/vitaliy/work/nRF51/gcc-arm-none-eabi-5_2-2015q4/bin/../lib/gcc/arm-none-eabi/5.2.1/../../../../arm-none-eabi/lib/armv6-m/libc_nano.a(lib_a-findfp.o)
                0x000000000001c284                __sinit
 .text.__sfp    0x000000000001c2ec       0x7c /Users/vitaliy/work/nRF51/gcc-arm-none-eabi-5_2-2015q4/bin/../lib/gcc/arm-none-eabi/5.2.1/../../../../arm-none-eabi/lib/armv6-m/libc_nano.a(lib_a-findfp.o)
                0x000000000001c2ec                __sfp
 .text._fwalk_reent
                0x000000000001c368       0x42 /Users/vitaliy/work/nRF51/gcc-arm-none-eabi-5_2-2015q4/bin/../lib/gcc/arm-none-eabi/5.2.1/../../../../arm-none-eabi/lib/armv6-m/libc_nano.a(lib_a-fwalk.o)
                0x000000000001c368                _fwalk_reent
 *fill*         0x000000000001c3aa        0x2 
 .text._malloc_r
                0x000000000001c3ac       0xac /Users/vitaliy/work/nRF51/gcc-arm-none-eabi-5_2-2015q4/bin/../lib/gcc/arm-none-eabi/5.2.1/../../../../arm-none-eabi/lib/armv6-m/libc_nano.a(lib_a-nano-mallocr.o)
                0x000000000001c3ac                _malloc_r
 .text.__sfputc_r
                0x000000000001c458       0x2a /Users/vitaliy/work/nRF51/gcc-arm-none-eabi-5_2-2015q4/bin/../lib/gcc/arm-none-eabi/5.2.1/../../../../arm-none-eabi/lib/armv6-m/libc_nano.a(lib_a-nano-vfprintf.o)
 .text.__sfputs_r
                0x000000000001c482       0x24 /Users/vitaliy/work/nRF51/gcc-arm-none-eabi-5_2-2015q4/bin/../lib/gcc/arm-none-eabi/5.2.1/../../../../arm-none-eabi/lib/armv6-m/libc_nano.a(lib_a-nano-vfprintf.o)
                0x000000000001c482                __sfputs_r
 *fill*         0x000000000001c4a6        0x2 
 .text._vfprintf_r
                0x000000000001c4a8      0x238 /Users/vitaliy/work/nRF51/gcc-arm-none-eabi-5_2-2015q4/bin/../lib/gcc/arm-none-eabi/5.2.1/../../../../arm-none-eabi/lib/armv6-m/libc_nano.a(lib_a-nano-vfprintf.o)
                0x000000000001c4a8                _vfiprintf_r
                0x000000000001c4a8                _vfprintf_r
 .text._printf_common
                0x000000000001c6e0       0xdc /Users/vitaliy/work/nRF51/gcc-arm-none-eabi-5_2-2015q4/bin/../lib/gcc/arm-none-eabi/5.2.1/../../../../arm-none-eabi/lib/armv6-m/libc_nano.a(lib_a-nano-vfprintf_i.o)
                0x000000000001c6e0                _printf_common
 .text._printf_i
                0x000000000001c7bc      0x244 /Users/vitaliy/work/nRF51/gcc-arm-none-eabi-5_2-2015q4/bin/../lib/gcc/arm-none-eabi/5.2.1/../../../../arm-none-eabi/lib/armv6-m/libc_nano.a(lib_a-nano-vfprintf_i.o)
                0x000000000001c7bc                _printf_i
 .text._sbrk_r  0x000000000001ca00       0x24 /Users/vitaliy/work/nRF51/gcc-arm-none-eabi-5_2-2015q4/bin/../lib/gcc/arm-none-eabi/5.2.1/../../../../arm-none-eabi/lib/armv6-m/libc_nano.a(lib_a-sbrkr.o)
                0x000000000001ca00                _sbrk_r
 .text.__sread  0x000000000001ca24       0x28 /Users/vitaliy/work/nRF51/gcc-arm-none-eabi-5_2-2015q4/bin/../lib/gcc/arm-none-eabi/5.2.1/../../../../arm-none-eabi/lib/armv6-m/libc_nano.a(lib_a-stdio.o)
                0x000000000001ca24                __sread
 .text.__swrite
                0x000000000001ca4c       0x38 /Users/vitaliy/work/nRF51/gcc-arm-none-eabi-5_2-2015q4/bin/../lib/gcc/arm-none-eabi/5.2.1/../../../../arm-none-eabi/lib/armv6-m/libc_nano.a(lib_a-stdio.o)
                0x000000000001ca4c                __swrite
 .text.__sseek  0x000000000001ca84       0x2c /Users/vitaliy/work/nRF51/gcc-arm-none-eabi-5_2-2015q4/bin/../lib/gcc/arm-none-eabi/5.2.1/../../../../arm-none-eabi/lib/armv6-m/libc_nano.a(lib_a-stdio.o)
                0x000000000001ca84                __sseek
 .text.__sclose
                0x000000000001cab0        0xc /Users/vitaliy/work/nRF51/gcc-arm-none-eabi-5_2-2015q4/bin/../lib/gcc/arm-none-eabi/5.2.1/../../../../arm-none-eabi/lib/armv6-m/libc_nano.a(lib_a-stdio.o)
                0x000000000001cab0                __sclose
 .text.__swbuf_r
                0x000000000001cabc       0xb0 /Users/vitaliy/work/nRF51/gcc-arm-none-eabi-5_2-2015q4/bin/../lib/gcc/arm-none-eabi/5.2.1/../../../../arm-none-eabi/lib/armv6-m/libc_nano.a(lib_a-wbuf.o)
                0x000000000001cabc                __swbuf_r
 .text._write_r
                0x000000000001cb6c       0x28 /Users/vitaliy/work/nRF51/gcc-arm-none-eabi-5_2-2015q4/bin/../lib/gcc/arm-none-eabi/5.2.1/../../../../arm-none-eabi/lib/armv6-m/libc_nano.a(lib_a-writer.o)
                0x000000000001cb6c                _write_r
 .text.__swsetup_r
                0x000000000001cb94       0xe8 /Users/vitaliy/work/nRF51/gcc-arm-none-eabi-5_2-2015q4/bin/../lib/gcc/arm-none-eabi/5.2.1/../../../../arm-none-eabi/lib/armv6-m/libc_nano.a(lib_a-wsetup.o)
                0x000000000001cb94                __swsetup_r
 .text._close_r
                0x000000000001cc7c       0x24 /Users/vitaliy/work/nRF51/gcc-arm-none-eabi-5_2-2015q4/bin/../lib/gcc/arm-none-eabi/5.2.1/../../../../arm-none-eabi/lib/armv6-m/libc_nano.a(lib_a-closer.o)
                0x000000000001cc7c                _close_r
 .text.__sflush_r
                0x000000000001cca0      0x10c /Users/vitaliy/work/nRF51/gcc-arm-none-eabi-5_2-2015q4/bin/../lib/gcc/arm-none-eabi/5.2.1/../../../../arm-none-eabi/lib/armv6-m/libc_nano.a(lib_a-fflush.o)
                0x000000000001cca0                __sflush_r
 .text._fflush_r
                0x000000000001cdac       0x58 /Users/vitaliy/work/nRF51/gcc-arm-none-eabi-5_2-2015q4/bin/../lib/gcc/arm-none-eabi/5.2.1/../../../../arm-none-eabi/lib/armv6-m/libc_nano.a(lib_a-fflush.o)
                0x000000000001cdac                _fflush_r
 .text._lseek_r
                0x000000000001ce04       0x28 /Users/vitaliy/work/nRF51/gcc-arm-none-eabi-5_2-2015q4/bin/../lib/gcc/arm-none-eabi/5.2.1/../../../../arm-none-eabi/lib/armv6-m/libc_nano.a(lib_a-lseekr.o)
                0x000000000001ce04                _lseek_r
 .text.__smakebuf_r
                0x000000000001ce2c       0xa4 /Users/vitaliy/work/nRF51/gcc-arm-none-eabi-5_2-2015q4/bin/../lib/gcc/arm-none-eabi/5.2.1/../../../../arm-none-eabi/lib/armv6-m/libc_nano.a(lib_a-makebuf.o)
                0x000000000001ce2c                __smakebuf_r
 .text.memchr   0x000000000001ced0       0x16 /Users/vitaliy/work/nRF51/gcc-arm-none-eabi-5_2-2015q4/bin/../lib/gcc/arm-none-eabi/5.2.1/../../../../arm-none-eabi/lib/armv6-m/libc_nano.a(lib_a-memchr-stub.o)
                0x000000000001ced0                memchr
 *fill*         0x000000000001cee6        0x2 
 .text._free_r  0x000000000001cee8       0x8c /Users/vitaliy/work/nRF51/gcc-arm-none-eabi-5_2-2015q4/bin/../lib/gcc/arm-none-eabi/5.2.1/../../../../arm-none-eabi/lib/armv6-m/libc_nano.a(lib_a-nano-freer.o)
                0x000000000001cee8                _free_r
 .text._read_r  0x000000000001cf74       0x28 /Users/vitaliy/work/nRF51/gcc-arm-none-eabi-5_2-2015q4/bin/../lib/gcc/arm-none-eabi/5.2.1/../../../../arm-none-eabi/lib/armv6-m/libc_nano.a(lib_a-readr.o)
                0x000000000001cf74                _read_r
 .text._fstat_r
                0x000000000001cf9c       0x24 /Users/vitaliy/work/nRF51/gcc-arm-none-eabi-5_2-2015q4/bin/../lib/gcc/arm-none-eabi/5.2.1/../../../../arm-none-eabi/lib/armv6-m/libc_nano.a(lib_a-fstatr.o)
                0x000000000001cf9c                _fstat_r
 .text._isatty_r
                0x000000000001cfc0       0x24 /Users/vitaliy/work/nRF51/gcc-arm-none-eabi-5_2-2015q4/bin/../lib/gcc/arm-none-eabi/5.2.1/../../../../arm-none-eabi/lib/armv6-m/libc_nano.a(lib_a-isattyr.o)
                0x000000000001cfc0                _isatty_r
 .text._close   0x000000000001cfe4       0x10 /Users/vitaliy/work/nRF51/gcc-arm-none-eabi-5_2-2015q4/bin/../lib/gcc/arm-none-eabi/5.2.1/../../../../arm-none-eabi/lib/armv6-m/libnosys.a(close.o)
                0x000000000001cfe4                _close
 .text._fstat   0x000000000001cff4       0x10 /Users/vitaliy/work/nRF51/gcc-arm-none-eabi-5_2-2015q4/bin/../lib/gcc/arm-none-eabi/5.2.1/../../../../arm-none-eabi/lib/armv6-m/libnosys.a(fstat.o)
                0x000000000001cff4                _fstat
 .text._isatty  0x000000000001d004       0x10 /Users/vitaliy/work/nRF51/gcc-arm-none-eabi-5_2-2015q4/bin/../lib/gcc/arm-none-eabi/5.2.1/../../../../arm-none-eabi/lib/armv6-m/libnosys.a(isatty.o)
                0x000000000001d004                _isatty
 .text._lseek   0x000000000001d014       0x10 /Users/vitaliy/work/nRF51/gcc-arm-none-eabi-5_2-2015q4/bin/../lib/gcc/arm-none-eabi/5.2.1/../../../../arm-none-eabi/lib/armv6-m/libnosys.a(lseek.o)
                0x000000000001d014                _lseek
 .text._sbrk    0x000000000001d024       0x1c /Users/vitaliy/work/nRF51/gcc-arm-none-eabi-5_2-2015q4/bin/../lib/gcc/arm-none-eabi/5.2.1/../../../../arm-none-eabi/lib/armv6-m/libnosys.a(sbrk.o)
                0x000000000001d024                _sbrk
 *(.init)
 .init          0x000000000001d040        0x4 /Users/vitaliy/work/nRF51/gcc-arm-none-eabi-5_2-2015q4/bin/../lib/gcc/arm-none-eabi/5.2.1/armv6-m/crti.o
                0x000000000001d040                _init
 .init          0x000000000001d044        0x8 /Users/vitaliy/work/nRF51/gcc-arm-none-eabi-5_2-2015q4/bin/../lib/gcc/arm-none-eabi/5.2.1/armv6-m/crtn.o
 *(.fini)
 .fini          0x000000000001d04c        0x4 /Users/vitaliy/work/nRF51/gcc-arm-none-eabi-5_2-2015q4/bin/../lib/gcc/arm-none-eabi/5.2.1/armv6-m/crti.o
                0x000000000001d04c                _fini
 .fini          0x000000000001d050        0x8 /Users/vitaliy/work/nRF51/gcc-arm-none-eabi-5_2-2015q4/bin/../lib/gcc/arm-none-eabi/5.2.1/armv6-m/crtn.o
 *crtbegin.o(.ctors)
 *crtbegin?.o(.ctors)
 *(EXCLUDE_FILE(*crtend.o *crtend?.o) .ctors)
 *(SORT(.ctors.*))
 *(.ctors)
 *crtbegin.o(.dtors)
 *crtbegin?.o(.dtors)
 *(EXCLUDE_FILE(*crtend.o *crtend?.o) .dtors)
 *(SORT(.dtors.*))
 *(.dtors)
 *(.rodata*)
 .rodata.str1.1
                0x000000000001d058        0x2 /Users/vitaliy/work/nRF51/gcc-arm-none-eabi-5_2-2015q4/bin/../lib/gcc/arm-none-eabi/5.2.1/../../../../arm-none-eabi/lib/armv6-m/libc_nano.a(lib_a-impure.o)
 *fill*         0x000000000001d05a        0x2 
 .rodata._global_impure_ptr
                0x000000000001d05c        0x4 /Users/vitaliy/work/nRF51/gcc-arm-none-eabi-5_2-2015q4/bin/../lib/gcc/arm-none-eabi/5.2.1/../../../../arm-none-eabi/lib/armv6-m/libc_nano.a(lib_a-impure.o)
                0x000000000001d05c                _global_impure_ptr
 .rodata.leds_timer_handler
                0x000000000001d060       0x60 _build/bsp.o
 .rodata.bsp_indication_set
                0x000000000001d0c0       0x60 _build/bsp.o
 .rodata.m_button_timer_id
                0x000000000001d120        0x4 _build/bsp.o
 .rodata.m_leds_timer_id
                0x000000000001d124        0x4 _build/bsp.o
 .rodata.m_alert_timer_id
                0x000000000001d128        0x4 _build/bsp.o
 .rodata.app_buttons
                0x000000000001d12c       0x20 _build/bsp.o
 .rodata        0x000000000001d14c       0x1c _build/main.o
 .rodata.m_twi_mma_7660
                0x000000000001d168        0x8 _build/main.o
 .rodata.CSWTCH.19
                0x000000000001d170       0x18 _build/main.o
 .rodata.str1.4
                0x000000000001d188       0x70 _build/main.o
                                         0x73 (size before relaxing)
 .rodata.m_detection_delay_timer_id
                0x000000000001d1f8        0x4 _build/app_button.o
 .rodata        0x000000000001d1fc       0x20 _build/app_uart_fifo.o
 .rodata.m_default_config
                0x000000000001d21c       0x20 _build/nrf_drv_uart.o
 .rodata.m_states_len
                0x000000000001d23c       0x14 _build/nrf_drv_twi.o
 .rodata.m_stopped
                0x000000000001d250       0x18 _build/nrf_drv_twi.o
 .rodata.m_default_config
                0x000000000001d268       0x10 _build/nrf_drv_twi.o
 .rodata.m_idle
                0x000000000001d278       0x10 _build/nrf_drv_twi.o
 .rodata.m_tx_suspended
                0x000000000001d288       0x28 _build/nrf_drv_twi.o
 .rodata.m_error
                0x000000000001d2b0       0x18 _build/nrf_drv_twi.o
 .rodata.mp_states
                0x000000000001d2c8       0x14 _build/nrf_drv_twi.o
 .rodata.m_rx_suspended
                0x000000000001d2dc       0x20 _build/nrf_drv_twi.o
 .rodata.__sf_fake_stdin
                0x000000000001d2fc       0x20 /Users/vitaliy/work/nRF51/gcc-arm-none-eabi-5_2-2015q4/bin/../lib/gcc/arm-none-eabi/5.2.1/../../../../arm-none-eabi/lib/armv6-m/libc_nano.a(lib_a-findfp.o)
                0x000000000001d2fc                __sf_fake_stdin
 .rodata.__sf_fake_stdout
                0x000000000001d31c       0x20 /Users/vitaliy/work/nRF51/gcc-arm-none-eabi-5_2-2015q4/bin/../lib/gcc/arm-none-eabi/5.2.1/../../../../arm-none-eabi/lib/armv6-m/libc_nano.a(lib_a-findfp.o)
                0x000000000001d31c                __sf_fake_stdout
 .rodata.__sf_fake_stderr
                0x000000000001d33c       0x20 /Users/vitaliy/work/nRF51/gcc-arm-none-eabi-5_2-2015q4/bin/../lib/gcc/arm-none-eabi/5.2.1/../../../../arm-none-eabi/lib/armv6-m/libc_nano.a(lib_a-findfp.o)
                0x000000000001d33c                __sf_fake_stderr
 .rodata.str1.1
                0x000000000001d35c       0x11 /Users/vitaliy/work/nRF51/gcc-arm-none-eabi-5_2-2015q4/bin/../lib/gcc/arm-none-eabi/5.2.1/../../../../arm-none-eabi/lib/armv6-m/libc_nano.a(lib_a-nano-vfprintf.o)
 .rodata.str1.1
                0x000000000001d36d       0x22 /Users/vitaliy/work/nRF51/gcc-arm-none-eabi-5_2-2015q4/bin/../lib/gcc/arm-none-eabi/5.2.1/../../../../arm-none-eabi/lib/armv6-m/libc_nano.a(lib_a-nano-vfprintf_i.o)
 *(.eh_frame*)
 *fill*         0x000000000001d38f        0x1 
 .eh_frame      0x000000000001d390        0x0 /Users/vitaliy/work/nRF51/gcc-arm-none-eabi-5_2-2015q4/bin/../lib/gcc/arm-none-eabi/5.2.1/armv6-m/crtbegin.o
                0x000000000001d390                . = ALIGN (0x4)

.glue_7         0x000000000001d390        0x0
 .glue_7        0x000000000001d390        0x0 linker stubs

.glue_7t        0x000000000001d390        0x0
 .glue_7t       0x000000000001d390        0x0 linker stubs

.vfp11_veneer   0x000000000001d390        0x0
 .vfp11_veneer  0x000000000001d390        0x0 linker stubs

.v4_bx          0x000000000001d390        0x0
 .v4_bx         0x000000000001d390        0x0 linker stubs

.iplt           0x000000000001d390        0x0
 .iplt          0x000000000001d390        0x0 /Users/vitaliy/work/nRF51/gcc-arm-none-eabi-5_2-2015q4/bin/../lib/gcc/arm-none-eabi/5.2.1/armv6-m/crtbegin.o

.ARM.extab      0x000000000001d390        0x0
 *(.ARM.extab* .gnu.linkonce.armextab.*)
                0x000000000001d390                . = ALIGN (0x4)
                0x000000000001d390                __exidx_start = .

.ARM.exidx      0x000000000001d390        0x8
 *(.ARM.exidx* .gnu.linkonce.armexidx.*)
 .ARM.exidx     0x000000000001d390        0x8 /Users/vitaliy/work/nRF51/gcc-arm-none-eabi-5_2-2015q4/bin/../lib/gcc/arm-none-eabi/5.2.1/../../../../arm-none-eabi/lib/armv6-m/crt0.o
 .ARM.exidx     0x000000000001d398        0x0 _build/gcc_startup_nrf51.o
                                          0x8 (size before relaxing)
                0x000000000001d398                . = ALIGN (0x4)
                0x000000000001d398                __exidx_end = .
                0x000000000001d398                __etext = .

.rel.dyn        0x000000000001d398        0x0
 .rel.iplt      0x000000000001d398        0x0 /Users/vitaliy/work/nRF51/gcc-arm-none-eabi-5_2-2015q4/bin/../lib/gcc/arm-none-eabi/5.2.1/armv6-m/crtbegin.o

.data           0x0000000020002000       0x88 load address 0x000000000001d398
                0x0000000020002000                __data_start__ = .
 *(vtable)
 *(.data*)
 .data.impure_data
                0x0000000020002000       0x60 /Users/vitaliy/work/nRF51/gcc-arm-none-eabi-5_2-2015q4/bin/../lib/gcc/arm-none-eabi/5.2.1/../../../../arm-none-eabi/lib/armv6-m/libc_nano.a(lib_a-impure.o)
 .data._impure_ptr
                0x0000000020002060        0x4 /Users/vitaliy/work/nRF51/gcc-arm-none-eabi-5_2-2015q4/bin/../lib/gcc/arm-none-eabi/5.2.1/../../../../arm-none-eabi/lib/armv6-m/libc_nano.a(lib_a-impure.o)
                0x0000000020002060                _impure_ptr
 .data.m_xfer_done
                0x0000000020002064        0x1 _build/main.o
 *fill*         0x0000000020002065        0x3 
 .data.m_beacon_info
                0x0000000020002068       0x17 _build/main.o
                0x0000000020002080                . = ALIGN (0x4)
 *fill*         0x000000002000207f        0x1 
                0x0000000020002080                PROVIDE (__preinit_array_start, .)
 *(.preinit_array)
                0x0000000020002080                PROVIDE (__preinit_array_end, .)
                0x0000000020002080                . = ALIGN (0x4)
                0x0000000020002080                PROVIDE (__init_array_start, .)
 *(SORT(.init_array.*))
 *(.init_array)
 .init_array    0x0000000020002080        0x4 /Users/vitaliy/work/nRF51/gcc-arm-none-eabi-5_2-2015q4/bin/../lib/gcc/arm-none-eabi/5.2.1/armv6-m/crtbegin.o
                0x0000000020002084                PROVIDE (__init_array_end, .)
                0x0000000020002084                . = ALIGN (0x4)
                [!provide]                        PROVIDE (__fini_array_start, .)
 *(SORT(.fini_array.*))
 *(.fini_array)
 .fini_array    0x0000000020002084        0x4 /Users/vitaliy/work/nRF51/gcc-arm-none-eabi-5_2-2015q4/bin/../lib/gcc/arm-none-eabi/5.2.1/armv6-m/crtbegin.o
                [!provide]                        PROVIDE (__fini_array_end, .)
 *(.jcr)
 .jcr           0x0000000020002088        0x0 /Users/vitaliy/work/nRF51/gcc-arm-none-eabi-5_2-2015q4/bin/../lib/gcc/arm-none-eabi/5.2.1/armv6-m/crtbegin.o
                0x0000000020002088                . = ALIGN (0x4)
                0x0000000020002088                __data_end__ = .

.tm_clone_table
                0x0000000020002088        0x0 load address 0x000000000001d420
 .tm_clone_table
                0x0000000020002088        0x0 /Users/vitaliy/work/nRF51/gcc-arm-none-eabi-5_2-2015q4/bin/../lib/gcc/arm-none-eabi/5.2.1/armv6-m/crtbegin.o
 .tm_clone_table
                0x0000000020002088        0x0 /Users/vitaliy/work/nRF51/gcc-arm-none-eabi-5_2-2015q4/bin/../lib/gcc/arm-none-eabi/5.2.1/armv6-m/crtend.o

.igot.plt       0x0000000020002088        0x0 load address 0x000000000001d420
 .igot.plt      0x0000000020002088        0x0 /Users/vitaliy/work/nRF51/gcc-arm-none-eabi-5_2-2015q4/bin/../lib/gcc/arm-none-eabi/5.2.1/armv6-m/crtbegin.o

.bss            0x0000000020002088      0x564 load address 0x000000000001d420
                0x0000000020002088                . = ALIGN (0x4)
                0x0000000020002088                __bss_start__ = .
 *(.bss*)
 .bss           0x0000000020002088       0x1c /Users/vitaliy/work/nRF51/gcc-arm-none-eabi-5_2-2015q4/bin/../lib/gcc/arm-none-eabi/5.2.1/armv6-m/crtbegin.o
 .bss.m_leds_timer_id_data
                0x00000000200020a4       0x20 _build/bsp.o
 .bss.m_alert_mask
                0x00000000200020c4        0x4 _build/bsp.o
 .bss.current_long_push_pin_no.6051
                0x00000000200020c8        0x1 _build/bsp.o
 *fill*         0x00000000200020c9        0x3 
 .bss.m_indication_type
                0x00000000200020cc        0x4 _build/bsp.o
 .bss.release_event_at_push.6052
                0x00000000200020d0        0x4 _build/bsp.o
 .bss.m_app_ticks_per_100ms
                0x00000000200020d4        0x4 _build/bsp.o
 .bss.m_registered_callback
                0x00000000200020d8        0x4 _build/bsp.o
 .bss.m_button_timer_id_data
                0x00000000200020dc       0x20 _build/bsp.o
 .bss.m_stable_state
                0x00000000200020fc        0x1 _build/bsp.o
 *fill*         0x00000000200020fd        0x3 
 .bss.m_alert_timer_id_data
                0x0000000020002100       0x20 _build/bsp.o
 .bss.m_events_list
                0x0000000020002120        0xc _build/bsp.o
 .bss.prev_tilt.8346
                0x000000002000212c        0x1 _build/main.o
 .bss.m_set_mode_done
                0x000000002000212d        0x1 _build/main.o
 *fill*         0x000000002000212e        0x2 
 .bss.m_sample_buffer
                0x0000000020002130       0x50 _build/main.o
 .bss.APP_TIMER_BUF.8412
                0x0000000020002180      0x1c8 _build/main.o
 .bss.rx_buf.8388
                0x0000000020002348        0x1 _build/main.o
 *fill*         0x0000000020002349        0x3 
 .bss.m_adv_params
                0x000000002000234c       0x18 _build/main.o
 .bss.sample_idx.8345
                0x0000000020002364        0x1 _build/main.o
 *fill*         0x0000000020002365        0x3 
 .bss.BLE_EVT_BUFFER.8364
                0x0000000020002368       0x48 _build/main.o
 .bss.m_sum     0x00000000200023b0        0x6 _build/main.o
 *fill*         0x00000000200023b6        0x2 
 .bss.tx_buf.8389
                0x00000000200023b8      0x100 _build/main.o
 .bss.m_sample.8396
                0x00000000200024b8        0x4 _build/main.o
 .bss.m_ticks_latest
                0x00000000200024bc        0x4 _build/app_timer.o
 .bss.mp_timer_id_head
                0x00000000200024c0        0x4 _build/app_timer.o
 .bss.m_evt_schedule_func
                0x00000000200024c4        0x4 _build/app_timer.o
 .bss.m_user_array_size
                0x00000000200024c8        0x1 _build/app_timer.o
 *fill*         0x00000000200024c9        0x3 
 .bss.mp_users  0x00000000200024cc        0x4 _build/app_timer.o
 .bss.m_ticks_elapsed_q_read_ind
                0x00000000200024d0        0x1 _build/app_timer.o
 .bss.m_ticks_elapsed_q_write_ind
                0x00000000200024d1        0x1 _build/app_timer.o
 .bss.m_rtc1_reset
                0x00000000200024d2        0x1 _build/app_timer.o
 *fill*         0x00000000200024d3        0x1 
 .bss.m_ticks_elapsed
                0x00000000200024d4        0x8 _build/app_timer.o
 .bss.m_rtc1_running
                0x00000000200024dc        0x1 _build/app_timer.o
 *fill*         0x00000000200024dd        0x3 
 .bss.m_detection_delay
                0x00000000200024e0        0x4 _build/app_button.o
 .bss.mp_buttons
                0x00000000200024e4        0x4 _build/app_button.o
 .bss.m_button_count
                0x00000000200024e8        0x1 _build/app_button.o
 *fill*         0x00000000200024e9        0x3 
 .bss.m_detection_delay_timer_id_data
                0x00000000200024ec       0x20 _build/app_button.o
 .bss.m_pin_state
                0x000000002000250c        0x4 _build/app_button.o
 .bss.m_pin_transition
                0x0000000020002510        0x4 _build/app_button.o
 .bss.tx_buffer
                0x0000000020002514        0x1 _build/app_uart_fifo.o
 *fill*         0x0000000020002515        0x3 
 .bss.m_event_handler
                0x0000000020002518        0x4 _build/app_uart_fifo.o
 .bss.rx_buffer
                0x000000002000251c        0x1 _build/app_uart_fifo.o
 *fill*         0x000000002000251d        0x3 
 .bss.m_tx_fifo
                0x0000000020002520       0x10 _build/app_uart_fifo.o
 .bss.m_rx_fifo
                0x0000000020002530       0x10 _build/app_uart_fifo.o
 .bss.tx_tmp    0x0000000020002540        0x1 _build/app_uart_fifo.o
 *fill*         0x0000000020002541        0x3 
 .bss.m_cb      0x0000000020002544       0x18 _build/nrf_drv_uart.o
 .bss.m_cb      0x000000002000255c       0x48 _build/nrf_drv_gpiote.o
 .bss.m_instances
                0x00000000200025a4        0x4 _build/nrf_drv_twi.o
 .bss.m_handlers
                0x00000000200025a8        0x4 _build/nrf_drv_twi.o
 .bss.mp_contexts
                0x00000000200025ac        0x4 _build/nrf_drv_twi.o
 .bss.m_cb      0x00000000200025b0       0x18 _build/nrf_drv_twi.o
 .bss.m_softdevice_enabled
                0x00000000200025c8        0x1 _build/softdevice_handler.o
 *fill*         0x00000000200025c9        0x1 
 .bss.m_ble_evt_buffer_size
                0x00000000200025ca        0x2 _build/softdevice_handler.o
 .bss.mp_ble_evt_buffer
                0x00000000200025cc        0x4 _build/softdevice_handler.o
 .bss.m_sys_evt_handler
                0x00000000200025d0        0x4 _build/softdevice_handler.o
 .bss.m_ble_evt_handler
                0x00000000200025d4        0x4 _build/softdevice_handler.o
 .bss.m_evt_schedule_func
                0x00000000200025d8        0x4 _build/softdevice_handler.o
 .bss.__malloc_sbrk_start
                0x00000000200025dc        0x4 /Users/vitaliy/work/nRF51/gcc-arm-none-eabi-5_2-2015q4/bin/../lib/gcc/arm-none-eabi/5.2.1/../../../../arm-none-eabi/lib/armv6-m/libc_nano.a(lib_a-nano-mallocr.o)
                0x00000000200025dc                __malloc_sbrk_start
 .bss.__malloc_free_list
                0x00000000200025e0        0x4 /Users/vitaliy/work/nRF51/gcc-arm-none-eabi-5_2-2015q4/bin/../lib/gcc/arm-none-eabi/5.2.1/../../../../arm-none-eabi/lib/armv6-m/libc_nano.a(lib_a-nano-mallocr.o)
                0x00000000200025e0                __malloc_free_list
 .bss.heap_end.4167
                0x00000000200025e4        0x4 /Users/vitaliy/work/nRF51/gcc-arm-none-eabi-5_2-2015q4/bin/../lib/gcc/arm-none-eabi/5.2.1/../../../../arm-none-eabi/lib/armv6-m/libnosys.a(sbrk.o)
 *(COMMON)
 COMMON         0x00000000200025e8        0x4 /Users/vitaliy/work/nRF51/gcc-arm-none-eabi-5_2-2015q4/bin/../lib/gcc/arm-none-eabi/5.2.1/../../../../arm-none-eabi/lib/armv6-m/libc_nano.a(lib_a-reent.o)
                0x00000000200025e8                errno
                0x00000000200025ec                . = ALIGN (0x4)
                0x00000000200025ec                __bss_end__ = .

.heap           0x00000000200025f0      0x800
                0x00000000200025f0                __end__ = .
                0x00000000200025f0                end = __end__
 *(.heap*)
 .heap          0x00000000200025f0      0x800 _build/gcc_startup_nrf51.o
                0x00000000200025f0                __HeapBase
                0x0000000020002df0                __HeapLimit = .

.stack_dummy    0x00000000200025f0      0x800
 *(.stack*)
 .stack         0x00000000200025f0      0x800 _build/gcc_startup_nrf51.o
                0x0000000020004000                __StackTop = (ORIGIN (RAM) + LENGTH (RAM))
                0x0000000020003800                __StackLimit = (__StackTop - SIZEOF (.stack_dummy))
                0x0000000020004000                PROVIDE (__stack, __StackTop)
                0x0000000000000001                ASSERT ((__StackLimit >= __HeapLimit), region RAM overflowed with stack)
OUTPUT(_build/nrf51422_xxac_s110.out elf32-littlearm)

.ARM.attributes
                0x0000000000000000       0x28
 .ARM.attributes
                0x0000000000000000       0x1e /Users/vitaliy/work/nRF51/gcc-arm-none-eabi-5_2-2015q4/bin/../lib/gcc/arm-none-eabi/5.2.1/armv6-m/crti.o
 .ARM.attributes
                0x000000000000001e       0x2c /Users/vitaliy/work/nRF51/gcc-arm-none-eabi-5_2-2015q4/bin/../lib/gcc/arm-none-eabi/5.2.1/armv6-m/crtbegin.o
 .ARM.attributes
                0x000000000000004a       0x1b /Users/vitaliy/work/nRF51/gcc-arm-none-eabi-5_2-2015q4/bin/../lib/gcc/arm-none-eabi/5.2.1/../../../../arm-none-eabi/lib/armv6-m/crt0.o
 .ARM.attributes
                0x0000000000000065       0x2c /Users/vitaliy/work/nRF51/gcc-arm-none-eabi-5_2-2015q4/bin/../lib/gcc/arm-none-eabi/5.2.1/../../../../arm-none-eabi/lib/armv6-m/libc_nano.a(lib_a-exit.o)
 .ARM.attributes
                0x0000000000000091       0x2c /Users/vitaliy/work/nRF51/gcc-arm-none-eabi-5_2-2015q4/bin/../lib/gcc/arm-none-eabi/5.2.1/../../../../arm-none-eabi/lib/armv6-m/libc_nano.a(lib_a-impure.o)
 .ARM.attributes
                0x00000000000000bd       0x2c /Users/vitaliy/work/nRF51/gcc-arm-none-eabi-5_2-2015q4/bin/../lib/gcc/arm-none-eabi/5.2.1/../../../../arm-none-eabi/lib/armv6-m/libc_nano.a(lib_a-init.o)
 .ARM.attributes
                0x00000000000000e9       0x2c /Users/vitaliy/work/nRF51/gcc-arm-none-eabi-5_2-2015q4/bin/../lib/gcc/arm-none-eabi/5.2.1/../../../../arm-none-eabi/lib/armv6-m/libc_nano.a(lib_a-memset.o)
 .ARM.attributes
                0x0000000000000115       0x2c /Users/vitaliy/work/nRF51/gcc-arm-none-eabi-5_2-2015q4/bin/../lib/gcc/arm-none-eabi/5.2.1/../../../../arm-none-eabi/lib/armv6-m/libnosys.a(_exit.o)
 .ARM.attributes
                0x0000000000000141       0x31 _build/bsp.o
 .ARM.attributes
                0x0000000000000172       0x31 _build/main.o
 .ARM.attributes
                0x00000000000001a3       0x31 _build/ble_advdata.o
 .ARM.attributes
                0x00000000000001d4       0x31 _build/system_nrf51.o
 .ARM.attributes
                0x0000000000000205       0x31 _build/retarget.o
 .ARM.attributes
                0x0000000000000236       0x31 _build/app_fifo.o
 .ARM.attributes
                0x0000000000000267       0x31 _build/app_error.o
 .ARM.attributes
                0x0000000000000298       0x31 _build/app_timer.o
 .ARM.attributes
                0x00000000000002c9       0x31 _build/app_button.o
 .ARM.attributes
                0x00000000000002fa       0x31 _build/app_uart_fifo.o
 .ARM.attributes
                0x000000000000032b       0x31 _build/nrf_drv_uart.o
 .ARM.attributes
                0x000000000000035c       0x31 _build/nrf_drv_gpiote.o
 .ARM.attributes
                0x000000000000038d       0x31 _build/nrf_drv_common.o
 .ARM.attributes
                0x00000000000003be       0x31 _build/nrf_drv_twi.o
 .ARM.attributes
                0x00000000000003ef       0x31 _build/softdevice_handler.o
 .ARM.attributes
                0x0000000000000420       0x1b _build/gcc_startup_nrf51.o
 .ARM.attributes
                0x000000000000043b       0x1e /Users/vitaliy/work/nRF51/gcc-arm-none-eabi-5_2-2015q4/bin/../lib/gcc/arm-none-eabi/5.2.1/armv6-m/libgcc.a(_udivsi3.o)
 .ARM.attributes
                0x0000000000000459       0x1e /Users/vitaliy/work/nRF51/gcc-arm-none-eabi-5_2-2015q4/bin/../lib/gcc/arm-none-eabi/5.2.1/armv6-m/libgcc.a(_divsi3.o)
 .ARM.attributes
                0x0000000000000477       0x1e /Users/vitaliy/work/nRF51/gcc-arm-none-eabi-5_2-2015q4/bin/../lib/gcc/arm-none-eabi/5.2.1/armv6-m/libgcc.a(_dvmd_tls.o)
 .ARM.attributes
                0x0000000000000495       0x2c /Users/vitaliy/work/nRF51/gcc-arm-none-eabi-5_2-2015q4/bin/../lib/gcc/arm-none-eabi/5.2.1/../../../../arm-none-eabi/lib/armv6-m/libc_nano.a(lib_a-memcpy-stub.o)
 .ARM.attributes
                0x00000000000004c1       0x2c /Users/vitaliy/work/nRF51/gcc-arm-none-eabi-5_2-2015q4/bin/../lib/gcc/arm-none-eabi/5.2.1/../../../../arm-none-eabi/lib/armv6-m/libc_nano.a(lib_a-printf.o)
 .ARM.attributes
                0x00000000000004ed       0x2c /Users/vitaliy/work/nRF51/gcc-arm-none-eabi-5_2-2015q4/bin/../lib/gcc/arm-none-eabi/5.2.1/../../../../arm-none-eabi/lib/armv6-m/libc_nano.a(lib_a-findfp.o)
 .ARM.attributes
                0x0000000000000519       0x2c /Users/vitaliy/work/nRF51/gcc-arm-none-eabi-5_2-2015q4/bin/../lib/gcc/arm-none-eabi/5.2.1/../../../../arm-none-eabi/lib/armv6-m/libc_nano.a(lib_a-fwalk.o)
 .ARM.attributes
                0x0000000000000545       0x2c /Users/vitaliy/work/nRF51/gcc-arm-none-eabi-5_2-2015q4/bin/../lib/gcc/arm-none-eabi/5.2.1/../../../../arm-none-eabi/lib/armv6-m/libc_nano.a(lib_a-nano-mallocr.o)
 .ARM.attributes
                0x0000000000000571       0x2c /Users/vitaliy/work/nRF51/gcc-arm-none-eabi-5_2-2015q4/bin/../lib/gcc/arm-none-eabi/5.2.1/../../../../arm-none-eabi/lib/armv6-m/libc_nano.a(lib_a-nano-vfprintf.o)
 .ARM.attributes
                0x000000000000059d       0x2c /Users/vitaliy/work/nRF51/gcc-arm-none-eabi-5_2-2015q4/bin/../lib/gcc/arm-none-eabi/5.2.1/../../../../arm-none-eabi/lib/armv6-m/libc_nano.a(lib_a-nano-vfprintf_i.o)
 .ARM.attributes
                0x00000000000005c9       0x2c /Users/vitaliy/work/nRF51/gcc-arm-none-eabi-5_2-2015q4/bin/../lib/gcc/arm-none-eabi/5.2.1/../../../../arm-none-eabi/lib/armv6-m/libc_nano.a(lib_a-sbrkr.o)
 .ARM.attributes
                0x00000000000005f5       0x2c /Users/vitaliy/work/nRF51/gcc-arm-none-eabi-5_2-2015q4/bin/../lib/gcc/arm-none-eabi/5.2.1/../../../../arm-none-eabi/lib/armv6-m/libc_nano.a(lib_a-stdio.o)
 .ARM.attributes
                0x0000000000000621       0x2c /Users/vitaliy/work/nRF51/gcc-arm-none-eabi-5_2-2015q4/bin/../lib/gcc/arm-none-eabi/5.2.1/../../../../arm-none-eabi/lib/armv6-m/libc_nano.a(lib_a-wbuf.o)
 .ARM.attributes
                0x000000000000064d       0x2c /Users/vitaliy/work/nRF51/gcc-arm-none-eabi-5_2-2015q4/bin/../lib/gcc/arm-none-eabi/5.2.1/../../../../arm-none-eabi/lib/armv6-m/libc_nano.a(lib_a-writer.o)
 .ARM.attributes
                0x0000000000000679       0x2c /Users/vitaliy/work/nRF51/gcc-arm-none-eabi-5_2-2015q4/bin/../lib/gcc/arm-none-eabi/5.2.1/../../../../arm-none-eabi/lib/armv6-m/libc_nano.a(lib_a-wsetup.o)
 .ARM.attributes
                0x00000000000006a5       0x2c /Users/vitaliy/work/nRF51/gcc-arm-none-eabi-5_2-2015q4/bin/../lib/gcc/arm-none-eabi/5.2.1/../../../../arm-none-eabi/lib/armv6-m/libc_nano.a(lib_a-closer.o)
 .ARM.attributes
                0x00000000000006d1       0x2c /Users/vitaliy/work/nRF51/gcc-arm-none-eabi-5_2-2015q4/bin/../lib/gcc/arm-none-eabi/5.2.1/../../../../arm-none-eabi/lib/armv6-m/libc_nano.a(lib_a-fflush.o)
 .ARM.attributes
                0x00000000000006fd       0x2c /Users/vitaliy/work/nRF51/gcc-arm-none-eabi-5_2-2015q4/bin/../lib/gcc/arm-none-eabi/5.2.1/../../../../arm-none-eabi/lib/armv6-m/libc_nano.a(lib_a-lseekr.o)
 .ARM.attributes
                0x0000000000000729       0x2c /Users/vitaliy/work/nRF51/gcc-arm-none-eabi-5_2-2015q4/bin/../lib/gcc/arm-none-eabi/5.2.1/../../../../arm-none-eabi/lib/armv6-m/libc_nano.a(lib_a-makebuf.o)
 .ARM.attributes
                0x0000000000000755       0x2c /Users/vitaliy/work/nRF51/gcc-arm-none-eabi-5_2-2015q4/bin/../lib/gcc/arm-none-eabi/5.2.1/../../../../arm-none-eabi/lib/armv6-m/libc_nano.a(lib_a-memchr-stub.o)
 .ARM.attributes
                0x0000000000000781       0x2c /Users/vitaliy/work/nRF51/gcc-arm-none-eabi-5_2-2015q4/bin/../lib/gcc/arm-none-eabi/5.2.1/../../../../arm-none-eabi/lib/armv6-m/libc_nano.a(lib_a-nano-freer.o)
 .ARM.attributes
                0x00000000000007ad       0x2c /Users/vitaliy/work/nRF51/gcc-arm-none-eabi-5_2-2015q4/bin/../lib/gcc/arm-none-eabi/5.2.1/../../../../arm-none-eabi/lib/armv6-m/libc_nano.a(lib_a-readr.o)
 .ARM.attributes
                0x00000000000007d9       0x2c /Users/vitaliy/work/nRF51/gcc-arm-none-eabi-5_2-2015q4/bin/../lib/gcc/arm-none-eabi/5.2.1/../../../../arm-none-eabi/lib/armv6-m/libc_nano.a(lib_a-reent.o)
 .ARM.attributes
                0x0000000000000805       0x2c /Users/vitaliy/work/nRF51/gcc-arm-none-eabi-5_2-2015q4/bin/../lib/gcc/arm-none-eabi/5.2.1/../../../../arm-none-eabi/lib/armv6-m/libc_nano.a(lib_a-fstatr.o)
 .ARM.attributes
                0x0000000000000831       0x2c /Users/vitaliy/work/nRF51/gcc-arm-none-eabi-5_2-2015q4/bin/../lib/gcc/arm-none-eabi/5.2.1/../../../../arm-none-eabi/lib/armv6-m/libc_nano.a(lib_a-isattyr.o)
 .ARM.attributes
                0x000000000000085d       0x2c /Users/vitaliy/work/nRF51/gcc-arm-none-eabi-5_2-2015q4/bin/../lib/gcc/arm-none-eabi/5.2.1/armv6-m/crtend.o
 .ARM.attributes
                0x0000000000000889       0x1e /Users/vitaliy/work/nRF51/gcc-arm-none-eabi-5_2-2015q4/bin/../lib/gcc/arm-none-eabi/5.2.1/armv6-m/crtn.o
 .ARM.attributes
                0x00000000000008a7       0x2c /Users/vitaliy/work/nRF51/gcc-arm-none-eabi-5_2-2015q4/bin/../lib/gcc/arm-none-eabi/5.2.1/../../../../arm-none-eabi/lib/armv6-m/libnosys.a(close.o)
 .ARM.attributes
                0x00000000000008d3       0x2c /Users/vitaliy/work/nRF51/gcc-arm-none-eabi-5_2-2015q4/bin/../lib/gcc/arm-none-eabi/5.2.1/../../../../arm-none-eabi/lib/armv6-m/libnosys.a(fstat.o)
 .ARM.attributes
                0x00000000000008ff       0x2c /Users/vitaliy/work/nRF51/gcc-arm-none-eabi-5_2-2015q4/bin/../lib/gcc/arm-none-eabi/5.2.1/../../../../arm-none-eabi/lib/armv6-m/libnosys.a(isatty.o)
 .ARM.attributes
                0x000000000000092b       0x2c /Users/vitaliy/work/nRF51/gcc-arm-none-eabi-5_2-2015q4/bin/../lib/gcc/arm-none-eabi/5.2.1/../../../../arm-none-eabi/lib/armv6-m/libnosys.a(lseek.o)
 .ARM.attributes
                0x0000000000000957       0x2c /Users/vitaliy/work/nRF51/gcc-arm-none-eabi-5_2-2015q4/bin/../lib/gcc/arm-none-eabi/5.2.1/../../../../arm-none-eabi/lib/armv6-m/libnosys.a(sbrk.o)

.comment        0x0000000000000000       0x6e
 .comment       0x0000000000000000       0x6e _build/bsp.o
                                         0x6f (size before relaxing)
 .comment       0x000000000000006e       0x6f _build/main.o
 .comment       0x000000000000006e       0x6f _build/ble_advdata.o
 .comment       0x000000000000006e       0x6f _build/system_nrf51.o
 .comment       0x000000000000006e       0x6f _build/retarget.o
 .comment       0x000000000000006e       0x6f _build/app_fifo.o
 .comment       0x000000000000006e       0x6f _build/app_error.o
 .comment       0x000000000000006e       0x6f _build/app_timer.o
 .comment       0x000000000000006e       0x6f _build/app_button.o
 .comment       0x000000000000006e       0x6f _build/app_uart_fifo.o
 .comment       0x000000000000006e       0x6f _build/nrf_drv_uart.o
 .comment       0x000000000000006e       0x6f _build/nrf_drv_gpiote.o
 .comment       0x000000000000006e       0x6f _build/nrf_drv_common.o
 .comment       0x000000000000006e       0x6f _build/nrf_drv_twi.o
 .comment       0x000000000000006e       0x6f _build/softdevice_handler.o

.debug_frame    0x0000000000000000      0x804
 .debug_frame   0x0000000000000000       0x28 /Users/vitaliy/work/nRF51/gcc-arm-none-eabi-5_2-2015q4/bin/../lib/gcc/arm-none-eabi/5.2.1/../../../../arm-none-eabi/lib/armv6-m/libc_nano.a(lib_a-exit.o)
 .debug_frame   0x0000000000000028       0x2c /Users/vitaliy/work/nRF51/gcc-arm-none-eabi-5_2-2015q4/bin/../lib/gcc/arm-none-eabi/5.2.1/../../../../arm-none-eabi/lib/armv6-m/libc_nano.a(lib_a-init.o)
 .debug_frame   0x0000000000000054       0x20 /Users/vitaliy/work/nRF51/gcc-arm-none-eabi-5_2-2015q4/bin/../lib/gcc/arm-none-eabi/5.2.1/../../../../arm-none-eabi/lib/armv6-m/libc_nano.a(lib_a-memset.o)
 .debug_frame   0x0000000000000074       0x20 /Users/vitaliy/work/nRF51/gcc-arm-none-eabi-5_2-2015q4/bin/../lib/gcc/arm-none-eabi/5.2.1/../../../../arm-none-eabi/lib/armv6-m/libnosys.a(_exit.o)
 .debug_frame   0x0000000000000094       0x20 /Users/vitaliy/work/nRF51/gcc-arm-none-eabi-5_2-2015q4/bin/../lib/gcc/arm-none-eabi/5.2.1/armv6-m/libgcc.a(_udivsi3.o)
 .debug_frame   0x00000000000000b4       0x20 /Users/vitaliy/work/nRF51/gcc-arm-none-eabi-5_2-2015q4/bin/../lib/gcc/arm-none-eabi/5.2.1/armv6-m/libgcc.a(_divsi3.o)
 .debug_frame   0x00000000000000d4       0x28 /Users/vitaliy/work/nRF51/gcc-arm-none-eabi-5_2-2015q4/bin/../lib/gcc/arm-none-eabi/5.2.1/../../../../arm-none-eabi/lib/armv6-m/libc_nano.a(lib_a-memcpy-stub.o)
 .debug_frame   0x00000000000000fc       0x50 /Users/vitaliy/work/nRF51/gcc-arm-none-eabi-5_2-2015q4/bin/../lib/gcc/arm-none-eabi/5.2.1/../../../../arm-none-eabi/lib/armv6-m/libc_nano.a(lib_a-printf.o)
 .debug_frame   0x000000000000014c      0x140 /Users/vitaliy/work/nRF51/gcc-arm-none-eabi-5_2-2015q4/bin/../lib/gcc/arm-none-eabi/5.2.1/../../../../arm-none-eabi/lib/armv6-m/libc_nano.a(lib_a-findfp.o)
 .debug_frame   0x000000000000028c       0x58 /Users/vitaliy/work/nRF51/gcc-arm-none-eabi-5_2-2015q4/bin/../lib/gcc/arm-none-eabi/5.2.1/../../../../arm-none-eabi/lib/armv6-m/libc_nano.a(lib_a-fwalk.o)
 .debug_frame   0x00000000000002e4       0x2c /Users/vitaliy/work/nRF51/gcc-arm-none-eabi-5_2-2015q4/bin/../lib/gcc/arm-none-eabi/5.2.1/../../../../arm-none-eabi/lib/armv6-m/libc_nano.a(lib_a-nano-mallocr.o)
 .debug_frame   0x0000000000000310       0x9c /Users/vitaliy/work/nRF51/gcc-arm-none-eabi-5_2-2015q4/bin/../lib/gcc/arm-none-eabi/5.2.1/../../../../arm-none-eabi/lib/armv6-m/libc_nano.a(lib_a-nano-vfprintf.o)
 .debug_frame   0x00000000000003ac       0x54 /Users/vitaliy/work/nRF51/gcc-arm-none-eabi-5_2-2015q4/bin/../lib/gcc/arm-none-eabi/5.2.1/../../../../arm-none-eabi/lib/armv6-m/libc_nano.a(lib_a-nano-vfprintf_i.o)
 .debug_frame   0x0000000000000400       0x2c /Users/vitaliy/work/nRF51/gcc-arm-none-eabi-5_2-2015q4/bin/../lib/gcc/arm-none-eabi/5.2.1/../../../../arm-none-eabi/lib/armv6-m/libc_nano.a(lib_a-sbrkr.o)
 .debug_frame   0x000000000000042c       0x90 /Users/vitaliy/work/nRF51/gcc-arm-none-eabi-5_2-2015q4/bin/../lib/gcc/arm-none-eabi/5.2.1/../../../../arm-none-eabi/lib/armv6-m/libc_nano.a(lib_a-stdio.o)
 .debug_frame   0x00000000000004bc       0x48 /Users/vitaliy/work/nRF51/gcc-arm-none-eabi-5_2-2015q4/bin/../lib/gcc/arm-none-eabi/5.2.1/../../../../arm-none-eabi/lib/armv6-m/libc_nano.a(lib_a-wbuf.o)
 .debug_frame   0x0000000000000504       0x2c /Users/vitaliy/work/nRF51/gcc-arm-none-eabi-5_2-2015q4/bin/../lib/gcc/arm-none-eabi/5.2.1/../../../../arm-none-eabi/lib/armv6-m/libc_nano.a(lib_a-writer.o)
 .debug_frame   0x0000000000000530       0x2c /Users/vitaliy/work/nRF51/gcc-arm-none-eabi-5_2-2015q4/bin/../lib/gcc/arm-none-eabi/5.2.1/../../../../arm-none-eabi/lib/armv6-m/libc_nano.a(lib_a-wsetup.o)
 .debug_frame   0x000000000000055c       0x2c /Users/vitaliy/work/nRF51/gcc-arm-none-eabi-5_2-2015q4/bin/../lib/gcc/arm-none-eabi/5.2.1/../../../../arm-none-eabi/lib/armv6-m/libc_nano.a(lib_a-closer.o)
 .debug_frame   0x0000000000000588       0x68 /Users/vitaliy/work/nRF51/gcc-arm-none-eabi-5_2-2015q4/bin/../lib/gcc/arm-none-eabi/5.2.1/../../../../arm-none-eabi/lib/armv6-m/libc_nano.a(lib_a-fflush.o)
 .debug_frame   0x00000000000005f0       0x2c /Users/vitaliy/work/nRF51/gcc-arm-none-eabi-5_2-2015q4/bin/../lib/gcc/arm-none-eabi/5.2.1/../../../../arm-none-eabi/lib/armv6-m/libc_nano.a(lib_a-lseekr.o)
 .debug_frame   0x000000000000061c       0x30 /Users/vitaliy/work/nRF51/gcc-arm-none-eabi-5_2-2015q4/bin/../lib/gcc/arm-none-eabi/5.2.1/../../../../arm-none-eabi/lib/armv6-m/libc_nano.a(lib_a-makebuf.o)
 .debug_frame   0x000000000000064c       0x20 /Users/vitaliy/work/nRF51/gcc-arm-none-eabi-5_2-2015q4/bin/../lib/gcc/arm-none-eabi/5.2.1/../../../../arm-none-eabi/lib/armv6-m/libc_nano.a(lib_a-memchr-stub.o)
 .debug_frame   0x000000000000066c       0x2c /Users/vitaliy/work/nRF51/gcc-arm-none-eabi-5_2-2015q4/bin/../lib/gcc/arm-none-eabi/5.2.1/../../../../arm-none-eabi/lib/armv6-m/libc_nano.a(lib_a-nano-freer.o)
 .debug_frame   0x0000000000000698       0x2c /Users/vitaliy/work/nRF51/gcc-arm-none-eabi-5_2-2015q4/bin/../lib/gcc/arm-none-eabi/5.2.1/../../../../arm-none-eabi/lib/armv6-m/libc_nano.a(lib_a-readr.o)
 .debug_frame   0x00000000000006c4       0x48 /Users/vitaliy/work/nRF51/gcc-arm-none-eabi-5_2-2015q4/bin/../lib/gcc/arm-none-eabi/5.2.1/../../../../arm-none-eabi/lib/armv6-m/libc_nano.a(lib_a-reent.o)
 .debug_frame   0x000000000000070c       0x2c /Users/vitaliy/work/nRF51/gcc-arm-none-eabi-5_2-2015q4/bin/../lib/gcc/arm-none-eabi/5.2.1/../../../../arm-none-eabi/lib/armv6-m/libc_nano.a(lib_a-fstatr.o)
 .debug_frame   0x0000000000000738       0x2c /Users/vitaliy/work/nRF51/gcc-arm-none-eabi-5_2-2015q4/bin/../lib/gcc/arm-none-eabi/5.2.1/../../../../arm-none-eabi/lib/armv6-m/libc_nano.a(lib_a-isattyr.o)
 .debug_frame   0x0000000000000764       0x20 /Users/vitaliy/work/nRF51/gcc-arm-none-eabi-5_2-2015q4/bin/../lib/gcc/arm-none-eabi/5.2.1/../../../../arm-none-eabi/lib/armv6-m/libnosys.a(close.o)
 .debug_frame   0x0000000000000784       0x20 /Users/vitaliy/work/nRF51/gcc-arm-none-eabi-5_2-2015q4/bin/../lib/gcc/arm-none-eabi/5.2.1/../../../../arm-none-eabi/lib/armv6-m/libnosys.a(fstat.o)
 .debug_frame   0x00000000000007a4       0x20 /Users/vitaliy/work/nRF51/gcc-arm-none-eabi-5_2-2015q4/bin/../lib/gcc/arm-none-eabi/5.2.1/../../../../arm-none-eabi/lib/armv6-m/libnosys.a(isatty.o)
 .debug_frame   0x00000000000007c4       0x20 /Users/vitaliy/work/nRF51/gcc-arm-none-eabi-5_2-2015q4/bin/../lib/gcc/arm-none-eabi/5.2.1/../../../../arm-none-eabi/lib/armv6-m/libnosys.a(lseek.o)
 .debug_frame   0x00000000000007e4       0x20 /Users/vitaliy/work/nRF51/gcc-arm-none-eabi-5_2-2015q4/bin/../lib/gcc/arm-none-eabi/5.2.1/../../../../arm-none-eabi/lib/armv6-m/libnosys.a(sbrk.o)

.stab           0x0000000000000000       0x6c
 .stab          0x0000000000000000       0x24 /Users/vitaliy/work/nRF51/gcc-arm-none-eabi-5_2-2015q4/bin/../lib/gcc/arm-none-eabi/5.2.1/../../../../arm-none-eabi/lib/armv6-m/libnosys.a(close.o)
 .stab          0x0000000000000024       0x18 /Users/vitaliy/work/nRF51/gcc-arm-none-eabi-5_2-2015q4/bin/../lib/gcc/arm-none-eabi/5.2.1/../../../../arm-none-eabi/lib/armv6-m/libnosys.a(fstat.o)
                                         0x24 (size before relaxing)
 .stab          0x000000000000003c       0x18 /Users/vitaliy/work/nRF51/gcc-arm-none-eabi-5_2-2015q4/bin/../lib/gcc/arm-none-eabi/5.2.1/../../../../arm-none-eabi/lib/armv6-m/libnosys.a(isatty.o)
                                         0x24 (size before relaxing)
 .stab          0x0000000000000054       0x18 /Users/vitaliy/work/nRF51/gcc-arm-none-eabi-5_2-2015q4/bin/../lib/gcc/arm-none-eabi/5.2.1/../../../../arm-none-eabi/lib/armv6-m/libnosys.a(lseek.o)
                                         0x24 (size before relaxing)

.stabstr        0x0000000000000000       0xe3
 .stabstr       0x0000000000000000       0xe3 /Users/vitaliy/work/nRF51/gcc-arm-none-eabi-5_2-2015q4/bin/../lib/gcc/arm-none-eabi/5.2.1/../../../../arm-none-eabi/lib/armv6-m/libnosys.a(close.o)
