Archive member included to satisfy reference by file (symbol)

/Users/vitaliy/work/nRF51/gcc-arm-none-eabi-5_2-2015q4/bin/../lib/gcc/arm-none-eabi/5.2.1/../../../../arm-none-eabi/lib/armv6-m/libc_nano.a(lib_a-exit.o)
                              /Users/vitaliy/work/nRF51/gcc-arm-none-eabi-5_2-2015q4/bin/../lib/gcc/arm-none-eabi/5.2.1/../../../../arm-none-eabi/lib/armv6-m/crt0.o (exit)
/Users/vitaliy/work/nRF51/gcc-arm-none-eabi-5_2-2015q4/bin/../lib/gcc/arm-none-eabi/5.2.1/../../../../arm-none-eabi/lib/armv6-m/libc_nano.a(lib_a-impure.o)
                              /Users/vitaliy/work/nRF51/gcc-arm-none-eabi-5_2-2015q4/bin/../lib/gcc/arm-none-eabi/5.2.1/../../../../arm-none-eabi/lib/armv6-m/libc_nano.a(lib_a-exit.o) (_global_impure_ptr)
/Users/vitaliy/work/nRF51/gcc-arm-none-eabi-5_2-2015q4/bin/../lib/gcc/arm-none-eabi/5.2.1/../../../../arm-none-eabi/lib/armv6-m/libc_nano.a(lib_a-init.o)
                              /Users/vitaliy/work/nRF51/gcc-arm-none-eabi-5_2-2015q4/bin/../lib/gcc/arm-none-eabi/5.2.1/../../../../arm-none-eabi/lib/armv6-m/crt0.o (__libc_init_array)
/Users/vitaliy/work/nRF51/gcc-arm-none-eabi-5_2-2015q4/bin/../lib/gcc/arm-none-eabi/5.2.1/../../../../arm-none-eabi/lib/armv6-m/libc_nano.a(lib_a-memset.o)
                              /Users/vitaliy/work/nRF51/gcc-arm-none-eabi-5_2-2015q4/bin/../lib/gcc/arm-none-eabi/5.2.1/../../../../arm-none-eabi/lib/armv6-m/crt0.o (memset)
/Users/vitaliy/work/nRF51/gcc-arm-none-eabi-5_2-2015q4/bin/../lib/gcc/arm-none-eabi/5.2.1/../../../../arm-none-eabi/lib/armv6-m/libnosys.a(_exit.o)
                              /Users/vitaliy/work/nRF51/gcc-arm-none-eabi-5_2-2015q4/bin/../lib/gcc/arm-none-eabi/5.2.1/../../../../arm-none-eabi/lib/armv6-m/libc_nano.a(lib_a-exit.o) (_exit)
/Users/vitaliy/work/nRF51/gcc-arm-none-eabi-5_2-2015q4/bin/../lib/gcc/arm-none-eabi/5.2.1/armv6-m/libgcc.a(_udivsi3.o)
                              _build/bsp.o (__aeabi_uidiv)
/Users/vitaliy/work/nRF51/gcc-arm-none-eabi-5_2-2015q4/bin/../lib/gcc/arm-none-eabi/5.2.1/armv6-m/libgcc.a(_dvmd_tls.o)
                              /Users/vitaliy/work/nRF51/gcc-arm-none-eabi-5_2-2015q4/bin/../lib/gcc/arm-none-eabi/5.2.1/armv6-m/libgcc.a(_udivsi3.o) (__aeabi_idiv0)
/Users/vitaliy/work/nRF51/gcc-arm-none-eabi-5_2-2015q4/bin/../lib/gcc/arm-none-eabi/5.2.1/../../../../arm-none-eabi/lib/armv6-m/libc_nano.a(lib_a-memcpy-stub.o)
                              _build/ble_advdata.o (memcpy)
/Users/vitaliy/work/nRF51/gcc-arm-none-eabi-5_2-2015q4/bin/../lib/gcc/arm-none-eabi/5.2.1/../../../../arm-none-eabi/lib/armv6-m/libc_nano.a(lib_a-printf.o)
                              _build/main.o (printf)
/Users/vitaliy/work/nRF51/gcc-arm-none-eabi-5_2-2015q4/bin/../lib/gcc/arm-none-eabi/5.2.1/../../../../arm-none-eabi/lib/armv6-m/libc_nano.a(lib_a-strlen.o)
                              _build/ble_srv_common.o (strlen)
/Users/vitaliy/work/nRF51/gcc-arm-none-eabi-5_2-2015q4/bin/../lib/gcc/arm-none-eabi/5.2.1/../../../../arm-none-eabi/lib/armv6-m/libc_nano.a(lib_a-findfp.o)
                              /Users/vitaliy/work/nRF51/gcc-arm-none-eabi-5_2-2015q4/bin/../lib/gcc/arm-none-eabi/5.2.1/../../../../arm-none-eabi/lib/armv6-m/libc_nano.a(lib_a-printf.o) (__sinit)
/Users/vitaliy/work/nRF51/gcc-arm-none-eabi-5_2-2015q4/bin/../lib/gcc/arm-none-eabi/5.2.1/../../../../arm-none-eabi/lib/armv6-m/libc_nano.a(lib_a-fwalk.o)
                              /Users/vitaliy/work/nRF51/gcc-arm-none-eabi-5_2-2015q4/bin/../lib/gcc/arm-none-eabi/5.2.1/../../../../arm-none-eabi/lib/armv6-m/libc_nano.a(lib_a-findfp.o) (_fwalk)
/Users/vitaliy/work/nRF51/gcc-arm-none-eabi-5_2-2015q4/bin/../lib/gcc/arm-none-eabi/5.2.1/../../../../arm-none-eabi/lib/armv6-m/libc_nano.a(lib_a-nano-mallocr.o)
                              /Users/vitaliy/work/nRF51/gcc-arm-none-eabi-5_2-2015q4/bin/../lib/gcc/arm-none-eabi/5.2.1/../../../../arm-none-eabi/lib/armv6-m/libc_nano.a(lib_a-findfp.o) (_malloc_r)
/Users/vitaliy/work/nRF51/gcc-arm-none-eabi-5_2-2015q4/bin/../lib/gcc/arm-none-eabi/5.2.1/../../../../arm-none-eabi/lib/armv6-m/libc_nano.a(lib_a-nano-vfprintf.o)
                              /Users/vitaliy/work/nRF51/gcc-arm-none-eabi-5_2-2015q4/bin/../lib/gcc/arm-none-eabi/5.2.1/../../../../arm-none-eabi/lib/armv6-m/libc_nano.a(lib_a-printf.o) (_vfprintf_r)
/Users/vitaliy/work/nRF51/gcc-arm-none-eabi-5_2-2015q4/bin/../lib/gcc/arm-none-eabi/5.2.1/../../../../arm-none-eabi/lib/armv6-m/libc_nano.a(lib_a-nano-vfprintf_i.o)
                              /Users/vitaliy/work/nRF51/gcc-arm-none-eabi-5_2-2015q4/bin/../lib/gcc/arm-none-eabi/5.2.1/../../../../arm-none-eabi/lib/armv6-m/libc_nano.a(lib_a-nano-vfprintf.o) (_printf_i)
/Users/vitaliy/work/nRF51/gcc-arm-none-eabi-5_2-2015q4/bin/../lib/gcc/arm-none-eabi/5.2.1/../../../../arm-none-eabi/lib/armv6-m/libc_nano.a(lib_a-sbrkr.o)
[...]
Memory Configuration

Name             Origin             Length             Attributes
FLASH            0x0000000000018000 0x0000000000028000 xr
RAM              0x0000000020002000 0x0000000000002000 xrw
*default*        0x0000000000000000 0xffffffffffffffff

Linker script and memory map

LOAD /Users/vitaliy/work/nRF51/gcc-arm-none-eabi-5_2-2015q4/bin/../lib/gcc/arm-none-eabi/5.2.1/armv6-m/crti.o
LOAD /Users/vitaliy/work/nRF51/gcc-arm-none-eabi-5_2-2015q4/bin/../lib/gcc/arm-none-eabi/5.2.1/armv6-m/crtbegin.o
LOAD /Users/vitaliy/work/nRF51/gcc-arm-none-eabi-5_2-2015q4/bin/../lib/gcc/arm-none-eabi/5.2.1/../../../../arm-none-eabi/lib/armv6-m/crt0.o
LOAD /Users/vitaliy/work/nRF51/gcc-arm-none-eabi-5_2-2015q4/bin/../lib/gcc/arm-none-eabi/5.2.1/../../../../arm-none-eabi/lib/armv6-m/libc_nano.a
LOAD /Users/vitaliy/work/nRF51/gcc-arm-none-eabi-5_2-2015q4/bin/../lib/gcc/arm-none-eabi/5.2.1/../../../../arm-none-eabi/lib/armv6-m/libnosys.a
LOAD _build/bsp.o
LOAD _build/user_uart.o
LOAD _build/user_twi.o
LOAD _build/main.o
LOAD _build/ble_advdata.o
LOAD _build/system_nrf51.o
LOAD _build/retarget.o
LOAD _build/app_fifo.o
LOAD _build/app_error.o
LOAD _build/app_timer.o
LOAD _build/nrf_assert.o
LOAD _build/app_trace.o
LOAD _build/ble_srv_common.o
LOAD _build/ble_conn_params.o
LOAD _build/nrf_delay.o
LOAD _build/app_button.o
LOAD _build/nrf_drv_rtc.o
LOAD _build/app_uart_fifo.o
LOAD _build/nrf_drv_uart.o
LOAD _build/nrf_drv_clock.o
LOAD _build/app_util_platform.o
LOAD _build/nrf_drv_gpiote.o
LOAD _build/nrf_drv_common.o
LOAD _build/nrf_drv_twi.o
LOAD _build/softdevice_handler.o
LOAD _build/gcc_startup_nrf51.o
START GROUP
LOAD /Users/vitaliy/work/nRF51/gcc-arm-none-eabi-5_2-2015q4/bin/../lib/gcc/arm-none-eabi/5.2.1/armv6-m/libgcc.a
LOAD /Users/vitaliy/work/nRF51/gcc-arm-none-eabi-5_2-2015q4/bin/../lib/gcc/arm-none-eabi/5.2.1/../../../../arm-none-eabi/lib/armv6-m/libc_nano.a
END GROUP
START GROUP
LOAD /Users/vitaliy/work/nRF51/gcc-arm-none-eabi-5_2-2015q4/bin/../lib/gcc/arm-none-eabi/5.2.1/armv6-m/libgcc.a
LOAD /Users/vitaliy/work/nRF51/gcc-arm-none-eabi-5_2-2015q4/bin/../lib/gcc/arm-none-eabi/5.2.1/../../../../arm-none-eabi/lib/armv6-m/libc_nano.a
END GROUP
LOAD /Users/vitaliy/work/nRF51/gcc-arm-none-eabi-5_2-2015q4/bin/../lib/gcc/arm-none-eabi/5.2.1/armv6-m/crtend.o
LOAD /Users/vitaliy/work/nRF51/gcc-arm-none-eabi-5_2-2015q4/bin/../lib/gcc/arm-none-eabi/5.2.1/armv6-m/crtn.o
START GROUP
LOAD /Users/vitaliy/work/nRF51/gcc-arm-none-eabi-5_2-2015q4/bin/../lib/gcc/arm-none-eabi/5.2.1/armv6-m/libgcc.a
LOAD /Users/vitaliy/work/nRF51/gcc-arm-none-eabi-5_2-2015q4/bin/../lib/gcc/arm-none-eabi/5.2.1/../../../../arm-none-eabi/lib/armv6-m/libc.a
LOAD /Users/vitaliy/work/nRF51/gcc-arm-none-eabi-5_2-2015q4/bin/../lib/gcc/arm-none-eabi/5.2.1/../../../../arm-none-eabi/lib/armv6-m/libnosys.a
END GROUP

.fs_data_out    0x0000000000000000        0x0
                [!provide]                        PROVIDE (__start_fs_data, .)
 *(fs_data)
                [!provide]                        PROVIDE (__stop_fs_data, .)

.text           0x0000000000018000     0x4db4
 *(.Vectors)
 .Vectors       0x0000000000018000       0xc0 _build/gcc_startup_nrf51.o
                0x0000000000018000                __Vectors
 *(.text*)
 .text          0x00000000000180c0       0xb4 /Users/vitaliy/work/nRF51/gcc-arm-none-eabi-5_2-2015q4/bin/../lib/gcc/arm-none-eabi/5.2.1/armv6-m/crtbegin.o
 .text          0x0000000000018174       0x78 /Users/vitaliy/work/nRF51/gcc-arm-none-eabi-5_2-2015q4/bin/../lib/gcc/arm-none-eabi/5.2.1/../../../../arm-none-eabi/lib/armv6-m/crt0.o
                0x0000000000018174                _mainCRTStartup
                0x0000000000018174                _start
 .text.exit     0x00000000000181ec       0x2c /Users/vitaliy/work/nRF51/gcc-arm-none-eabi-5_2-2015q4/bin/../lib/gcc/arm-none-eabi/5.2.1/../../../../arm-none-eabi/lib/armv6-m/libc_nano.a(lib_a-exit.o)
                0x00000000000181ec                exit
 .text.__libc_init_array
                0x0000000000018218       0x4c /Users/vitaliy/work/nRF51/gcc-arm-none-eabi-5_2-2015q4/bin/../lib/gcc/arm-none-eabi/5.2.1/../../../../arm-none-eabi/lib/armv6-m/libc_nano.a(lib_a-init.o)
                0x0000000000018218                __libc_init_array
 .text.memset   0x0000000000018264       0x10 /Users/vitaliy/work/nRF51/gcc-arm-none-eabi-5_2-2015q4/bin/../lib/gcc/arm-none-eabi/5.2.1/../../../../arm-none-eabi/lib/armv6-m/libc_nano.a(lib_a-memset.o)
                0x0000000000018264                memset
 .text._exit    0x0000000000018274        0x4 /Users/vitaliy/work/nRF51/gcc-arm-none-eabi-5_2-2015q4/bin/../lib/gcc/arm-none-eabi/5.2.1/../../../../arm-none-eabi/lib/armv6-m/libnosys.a(_exit.o)
                0x0000000000018274                _exit
 .text.alert_timer_handler
                0x0000000000018278       0x28 _build/bsp.o
 .text.bsp_button_event_handler
                0x00000000000182a0       0xcc _build/bsp.o
 .text.leds_timer_handler
                0x000000000001836c      0x300 _build/bsp.o
 .text.button_timer_handler
                0x000000000001866c       0x48 _build/bsp.o
 .text.bsp_indication_set
                0x00000000000186b4      0x394 _build/bsp.o
                0x00000000000186b4                bsp_indication_set
 .text.bsp_init
                0x0000000000018a48       0xc0 _build/bsp.o
                0x0000000000018a48                bsp_init
 .text.uart_error_handle
                0x0000000000018b08       0x1c _build/user_uart.o
 .text.uart_config
                0x0000000000018b24       0x4c _build/user_uart.o
                0x0000000000018b24                uart_config
 .text.twi_init
                0x0000000000018b70        0x4 _build/user_twi.o
                0x0000000000018b70                twi_init
 .text.sd_ble_gap_adv_start
                0x0000000000018b74        0x4 _build/main.o
 .text.sd_ble_enable
                0x0000000000018b78        0x4 _build/main.o
 .text.sd_app_evt_wait
                0x0000000000018b7c        0x4 _build/main.o
 .text.rtc_handler
                0x0000000000018b80       0x40 _build/main.o
 .text.assert_nrf_callback
                0x0000000000018bc0       0x14 _build/main.o
                0x0000000000018bc0                assert_nrf_callback
 .text.startup.main
                0x0000000000018bd4      0x194 _build/main.o
                0x0000000000018bd4                main
 .text.sd_ble_gap_address_get
                0x0000000000018d68        0x4 _build/ble_advdata.o
 .text.sd_ble_gap_adv_data_set
                0x0000000000018d6c        0x4 _build/ble_advdata.o
 .text.sd_ble_gap_appearance_get
                0x0000000000018d70        0x4 _build/ble_advdata.o
 .text.sd_ble_gap_device_name_get
                0x0000000000018d74        0x4 _build/ble_advdata.o
 .text.sd_ble_uuid_encode
                0x0000000000018d78        0x4 _build/ble_advdata.o
 .text.uuid_list_sized_encode
                0x0000000000018d7c       0xf8 _build/ble_advdata.o
 .text.adv_data_encode
                0x0000000000018e74      0x5b8 _build/ble_advdata.o
                0x0000000000018e74                adv_data_encode
 .text.ble_advdata_set
                0x000000000001942c       0x68 _build/ble_advdata.o
                0x000000000001942c                ble_advdata_set
 .text.SystemInit
                0x0000000000019494       0x94 _build/system_nrf51.o
                0x0000000000019494                SystemInit
 .text._write   0x0000000000019528       0x1c _build/retarget.o
                0x0000000000019528                _write
 .text._read    0x0000000000019544       0x14 _build/retarget.o
                0x0000000000019544                _read
 .text.app_fifo_init
                0x0000000000019558       0x28 _build/app_fifo.o
                0x0000000000019558                app_fifo_init
 .text.app_fifo_put
                0x0000000000019580       0x28 _build/app_fifo.o
                0x0000000000019580                app_fifo_put
 .text.app_fifo_get
                0x00000000000195a8       0x28 _build/app_fifo.o
                0x00000000000195a8                app_fifo_get
 .text.app_error_handler
                0x00000000000195d0       0x18 _build/app_error.o
                0x00000000000195d0                app_error_handler
 .text.rtc1_stop
                0x00000000000195e8       0x78 _build/app_timer.o
 .text.RTC1_IRQHandler
                0x0000000000019660       0xe0 _build/app_timer.o
                0x0000000000019660                RTC1_IRQHandler
 .text.SWI0_IRQHandler
                0x0000000000019740      0x4c0 _build/app_timer.o
                0x0000000000019740                SWI0_IRQHandler
 .text.app_timer_init
                0x0000000000019c00       0xe4 _build/app_timer.o
                0x0000000000019c00                app_timer_init
 .text.app_timer_create
                0x0000000000019ce4       0x34 _build/app_timer.o
                0x0000000000019ce4                app_timer_create
 .text.app_timer_start
                0x0000000000019d18      0x108 _build/app_timer.o
                0x0000000000019d18                app_timer_start
 .text.app_timer_stop
                0x0000000000019e20       0xd0 _build/app_timer.o
                0x0000000000019e20                app_timer_stop
 .text.detection_delay_timeout_handler
                0x0000000000019ef0       0xa0 _build/app_button.o
 .text.gpiote_event_handler
                0x0000000000019f90       0x5c _build/app_button.o
 .text.app_button_init
                0x0000000000019fec       0xb4 _build/app_button.o
                0x0000000000019fec                app_button_init
 .text.app_button_enable
                0x000000000001a0a0       0x30 _build/app_button.o
                0x000000000001a0a0                app_button_enable
 .text.nrf_drv_rtc_init
                0x000000000001a0d0       0x6c _build/nrf_drv_rtc.o
                0x000000000001a0d0                nrf_drv_rtc_init
 .text.nrf_drv_rtc_enable
                0x000000000001a13c       0x18 _build/nrf_drv_rtc.o
                0x000000000001a13c                nrf_drv_rtc_enable
 .text.nrf_drv_rtc_cc_set
                0x000000000001a154       0xc4 _build/nrf_drv_rtc.o
                0x000000000001a154                nrf_drv_rtc_cc_set
 .text.nrf_drv_rtc_tick_enable
                0x000000000001a218       0x24 _build/nrf_drv_rtc.o
                0x000000000001a218                nrf_drv_rtc_tick_enable
 .text.RTC0_IRQHandler
                0x000000000001a23c      0x124 _build/nrf_drv_rtc.o
                0x000000000001a23c                RTC0_IRQHandler
 .text.uart_event_handler
                0x000000000001a360       0xc0 _build/app_uart_fifo.o
 .text.app_uart_init
                0x000000000001a420       0xa4 _build/app_uart_fifo.o
                0x000000000001a420                app_uart_init
 .text.app_uart_get
                0x000000000001a4c4       0x34 _build/app_uart_fifo.o
                0x000000000001a4c4                app_uart_get
 .text.app_uart_put
                0x000000000001a4f8       0x28 _build/app_uart_fifo.o
                0x000000000001a4f8                app_uart_put
 .text.nrf_drv_uart_init
                0x000000000001a520      0x110 _build/nrf_drv_uart.o
                0x000000000001a520                nrf_drv_uart_init
 .text.nrf_drv_uart_tx
                0x000000000001a630       0xb4 _build/nrf_drv_uart.o
                0x000000000001a630                nrf_drv_uart_tx
 .text.nrf_drv_uart_rx
                0x000000000001a6e4       0xf0 _build/nrf_drv_uart.o
                0x000000000001a6e4                nrf_drv_uart_rx
 .text.nrf_drv_uart_rx_enable
                0x000000000001a7d4       0x2c _build/nrf_drv_uart.o
                0x000000000001a7d4                nrf_drv_uart_rx_enable
 .text.UART0_IRQHandler
                0x000000000001a800      0x16c _build/nrf_drv_uart.o
                0x000000000001a800                UART0_IRQHandler
 .text.sd_softdevice_is_enabled
                0x000000000001a96c        0x4 _build/nrf_drv_clock.o
 .text.nrf_drv_clock_init
                0x000000000001a970       0x38 _build/nrf_drv_clock.o
                0x000000000001a970                nrf_drv_clock_init
 .text.nrf_drv_clock_lfclk_request
                0x000000000001a9a8        0x4 _build/nrf_drv_clock.o
                0x000000000001a9a8                nrf_drv_clock_lfclk_request
 .text.nrf_drv_gpiote_init
                0x000000000001a9ac       0x68 _build/nrf_drv_gpiote.o
                0x000000000001a9ac                nrf_drv_gpiote_init
 .text.nrf_drv_gpiote_is_init
                0x000000000001aa14       0x14 _build/nrf_drv_gpiote.o
                0x000000000001aa14                nrf_drv_gpiote_is_init
 .text.nrf_drv_gpiote_in_init
                0x000000000001aa28      0x160 _build/nrf_drv_gpiote.o
                0x000000000001aa28                nrf_drv_gpiote_in_init
 .text.nrf_drv_gpiote_in_event_enable
                0x000000000001ab88       0xa8 _build/nrf_drv_gpiote.o
                0x000000000001ab88                nrf_drv_gpiote_in_event_enable
 .text.nrf_drv_gpiote_in_is_set
                0x000000000001ac30       0x14 _build/nrf_drv_gpiote.o
                0x000000000001ac30                nrf_drv_gpiote_in_is_set
 .text.GPIOTE_IRQHandler
                0x000000000001ac44      0x3b0 _build/nrf_drv_gpiote.o
                0x000000000001ac44                GPIOTE_IRQHandler
 .text.nrf_drv_common_irq_enable
                0x000000000001aff4       0x7c _build/nrf_drv_common.o
                0x000000000001aff4                nrf_drv_common_irq_enable
 .text.on_error
                0x000000000001b070       0x50 _build/nrf_drv_twi.o
 .text.ack_error
                0x000000000001b0c0       0x18 _build/nrf_drv_twi.o
 .text.rx_done  0x000000000001b0d8      0x128 _build/nrf_drv_twi.o
 .text.rx_prepare
                0x000000000001b200      0x100 _build/nrf_drv_twi.o
 .text.tx_prepare
                0x000000000001b300      0x11c _build/nrf_drv_twi.o
 .text.rx_address_req
                0x000000000001b41c      0x150 _build/nrf_drv_twi.o
 .text.address_req
                0x000000000001b56c      0x16c _build/nrf_drv_twi.o
 .text.tx_done  0x000000000001b6d8      0x128 _build/nrf_drv_twi.o
 .text.SPI0_TWI0_IRQHandler
                0x000000000001b800      0x130 _build/nrf_drv_twi.o
                0x000000000001b800                SPI0_TWI0_IRQHandler
 .text.sd_nvic_EnableIRQ
                0x000000000001b930        0x4 _build/softdevice_handler.o
 .text.sd_evt_get
                0x000000000001b934        0x4 _build/softdevice_handler.o
 .text.sd_softdevice_enable
                0x000000000001b938        0x4 _build/softdevice_handler.o
 .text.sd_ble_evt_get
                0x000000000001b93c        0x4 _build/softdevice_handler.o
 .text.softdevice_assertion_handler
                0x000000000001b940        0xc _build/softdevice_handler.o
                0x000000000001b940                softdevice_assertion_handler
 .text.intern_softdevice_events_execute.part.0
                0x000000000001b94c       0xec _build/softdevice_handler.o
 .text.softdevice_handler_init
                0x000000000001ba38       0x4c _build/softdevice_handler.o
                0x000000000001ba38                softdevice_handler_init
 .text.SWI2_IRQHandler
                0x000000000001ba84       0x34 _build/softdevice_handler.o
                0x000000000001ba84                SWI2_IRQHandler
 .text          0x000000000001bab8       0x54 _build/gcc_startup_nrf51.o
                0x000000000001bab8                Reset_Handler
                0x000000000001bb00                NMI_Handler
                0x000000000001bb02                HardFault_Handler
                0x000000000001bb04                SVC_Handler
                0x000000000001bb06                PendSV_Handler
                0x000000000001bb08                SysTick_Handler
                0x000000000001bb0a                QDEC_IRQHandler
                0x000000000001bb0a                SWI5_IRQHandler
                0x000000000001bb0a                TIMER0_IRQHandler
                0x000000000001bb0a                TIMER1_IRQHandler
                0x000000000001bb0a                ECB_IRQHandler
                0x000000000001bb0a                Default_Handler
                0x000000000001bb0a                ADC_IRQHandler
                0x000000000001bb0a                SWI3_IRQHandler
                0x000000000001bb0a                CCM_AAR_IRQHandler
                0x000000000001bb0a                WDT_IRQHandler
                0x000000000001bb0a                RNG_IRQHandler
                0x000000000001bb0a                SPI1_TWI1_IRQHandler
                0x000000000001bb0a                TIMER2_IRQHandler
                0x000000000001bb0a                SWI1_IRQHandler
                0x000000000001bb0a                POWER_CLOCK_IRQHandler
                0x000000000001bb0a                RADIO_IRQHandler
                0x000000000001bb0a                LPCOMP_IRQHandler
                0x000000000001bb0a                SWI4_IRQHandler
                0x000000000001bb0a                TEMP_IRQHandler
 .text          0x000000000001bb0c      0x114 /Users/vitaliy/work/nRF51/gcc-arm-none-eabi-5_2-2015q4/bin/../lib/gcc/arm-none-eabi/5.2.1/armv6-m/libgcc.a(_udivsi3.o)
                0x000000000001bb0c                __udivsi3
                0x000000000001bb0c                __aeabi_uidiv
                0x000000000001bc18                __aeabi_uidivmod
 .text          0x000000000001bc20        0x4 /Users/vitaliy/work/nRF51/gcc-arm-none-eabi-5_2-2015q4/bin/../lib/gcc/arm-none-eabi/5.2.1/armv6-m/libgcc.a(_dvmd_tls.o)
                0x000000000001bc20                __aeabi_ldiv0
                0x000000000001bc20                __aeabi_idiv0
 .text.memcpy   0x000000000001bc24       0x12 /Users/vitaliy/work/nRF51/gcc-arm-none-eabi-5_2-2015q4/bin/../lib/gcc/arm-none-eabi/5.2.1/../../../../arm-none-eabi/lib/armv6-m/libc_nano.a(lib_a-memcpy-stub.o)
                0x000000000001bc24                memcpy
 *fill*         0x000000000001bc36        0x2 
 .text.printf   0x000000000001bc38       0x34 /Users/vitaliy/work/nRF51/gcc-arm-none-eabi-5_2-2015q4/bin/../lib/gcc/arm-none-eabi/5.2.1/../../../../arm-none-eabi/lib/armv6-m/libc_nano.a(lib_a-printf.o)
                0x000000000001bc38                printf
                0x000000000001bc38                iprintf
 .text._cleanup_r
                0x000000000001bc6c       0x10 /Users/vitaliy/work/nRF51/gcc-arm-none-eabi-5_2-2015q4/bin/../lib/gcc/arm-none-eabi/5.2.1/../../../../arm-none-eabi/lib/armv6-m/libc_nano.a(lib_a-findfp.o)
                0x000000000001bc6c                _cleanup_r
 .text.std.isra.0
                0x000000000001bc7c       0x48 /Users/vitaliy/work/nRF51/gcc-arm-none-eabi-5_2-2015q4/bin/../lib/gcc/arm-none-eabi/5.2.1/../../../../arm-none-eabi/lib/armv6-m/libc_nano.a(lib_a-findfp.o)
 .text.__sfmoreglue
                0x000000000001bcc4       0x2c /Users/vitaliy/work/nRF51/gcc-arm-none-eabi-5_2-2015q4/bin/../lib/gcc/arm-none-eabi/5.2.1/../../../../arm-none-eabi/lib/armv6-m/libc_nano.a(lib_a-findfp.o)
                0x000000000001bcc4                __sfmoreglue
 .text.__sinit  0x000000000001bcf0       0x68 /Users/vitaliy/work/nRF51/gcc-arm-none-eabi-5_2-2015q4/bin/../lib/gcc/arm-none-eabi/5.2.1/../../../../arm-none-eabi/lib/armv6-m/libc_nano.a(lib_a-findfp.o)
                0x000000000001bcf0                __sinit
 .text.__sfp    0x000000000001bd58       0x7c /Users/vitaliy/work/nRF51/gcc-arm-none-eabi-5_2-2015q4/bin/../lib/gcc/arm-none-eabi/5.2.1/../../../../arm-none-eabi/lib/armv6-m/libc_nano.a(lib_a-findfp.o)
                0x000000000001bd58                __sfp
 .text._fwalk_reent
                0x000000000001bdd4       0x42 /Users/vitaliy/work/nRF51/gcc-arm-none-eabi-5_2-2015q4/bin/../lib/gcc/arm-none-eabi/5.2.1/../../../../arm-none-eabi/lib/armv6-m/libc_nano.a(lib_a-fwalk.o)
                0x000000000001bdd4                _fwalk_reent
 *fill*         0x000000000001be16        0x2 
 .text._malloc_r
                0x000000000001be18       0xac /Users/vitaliy/work/nRF51/gcc-arm-none-eabi-5_2-2015q4/bin/../lib/gcc/arm-none-eabi/5.2.1/../../../../arm-none-eabi/lib/armv6-m/libc_nano.a(lib_a-nano-mallocr.o)
                0x000000000001be18                _malloc_r
 .text.__sfputc_r
                0x000000000001bec4       0x2a /Users/vitaliy/work/nRF51/gcc-arm-none-eabi-5_2-2015q4/bin/../lib/gcc/arm-none-eabi/5.2.1/../../../../arm-none-eabi/lib/armv6-m/libc_nano.a(lib_a-nano-vfprintf.o)
 .text.__sfputs_r
                0x000000000001beee       0x24 /Users/vitaliy/work/nRF51/gcc-arm-none-eabi-5_2-2015q4/bin/../lib/gcc/arm-none-eabi/5.2.1/../../../../arm-none-eabi/lib/armv6-m/libc_nano.a(lib_a-nano-vfprintf.o)
                0x000000000001beee                __sfputs_r
 *fill*         0x000000000001bf12        0x2 
 .text._vfprintf_r
                0x000000000001bf14      0x238 /Users/vitaliy/work/nRF51/gcc-arm-none-eabi-5_2-2015q4/bin/../lib/gcc/arm-none-eabi/5.2.1/../../../../arm-none-eabi/lib/armv6-m/libc_nano.a(lib_a-nano-vfprintf.o)
                0x000000000001bf14                _vfiprintf_r
                0x000000000001bf14                _vfprintf_r
 .text._printf_common
                0x000000000001c14c       0xdc /Users/vitaliy/work/nRF51/gcc-arm-none-eabi-5_2-2015q4/bin/../lib/gcc/arm-none-eabi/5.2.1/../../../../arm-none-eabi/lib/armv6-m/libc_nano.a(lib_a-nano-vfprintf_i.o)
                0x000000000001c14c                _printf_common
 .text._printf_i
                0x000000000001c228      0x244 /Users/vitaliy/work/nRF51/gcc-arm-none-eabi-5_2-2015q4/bin/../lib/gcc/arm-none-eabi/5.2.1/../../../../arm-none-eabi/lib/armv6-m/libc_nano.a(lib_a-nano-vfprintf_i.o)
                0x000000000001c228                _printf_i
 .text._sbrk_r  0x000000000001c46c       0x24 /Users/vitaliy/work/nRF51/gcc-arm-none-eabi-5_2-2015q4/bin/../lib/gcc/arm-none-eabi/5.2.1/../../../../arm-none-eabi/lib/armv6-m/libc_nano.a(lib_a-sbrkr.o)
                0x000000000001c46c                _sbrk_r
 .text.__sread  0x000000000001c490       0x28 /Users/vitaliy/work/nRF51/gcc-arm-none-eabi-5_2-2015q4/bin/../lib/gcc/arm-none-eabi/5.2.1/../../../../arm-none-eabi/lib/armv6-m/libc_nano.a(lib_a-stdio.o)
                0x000000000001c490                __sread
 .text.__swrite
                0x000000000001c4b8       0x38 /Users/vitaliy/work/nRF51/gcc-arm-none-eabi-5_2-2015q4/bin/../lib/gcc/arm-none-eabi/5.2.1/../../../../arm-none-eabi/lib/armv6-m/libc_nano.a(lib_a-stdio.o)
                0x000000000001c4b8                __swrite
 .text.__sseek  0x000000000001c4f0       0x2c /Users/vitaliy/work/nRF51/gcc-arm-none-eabi-5_2-2015q4/bin/../lib/gcc/arm-none-eabi/5.2.1/../../../../arm-none-eabi/lib/armv6-m/libc_nano.a(lib_a-stdio.o)
                0x000000000001c4f0                __sseek
 .text.__sclose
                0x000000000001c51c        0xc /Users/vitaliy/work/nRF51/gcc-arm-none-eabi-5_2-2015q4/bin/../lib/gcc/arm-none-eabi/5.2.1/../../../../arm-none-eabi/lib/armv6-m/libc_nano.a(lib_a-stdio.o)
                0x000000000001c51c                __sclose
 .text.__swbuf_r
                0x000000000001c528       0xb0 /Users/vitaliy/work/nRF51/gcc-arm-none-eabi-5_2-2015q4/bin/../lib/gcc/arm-none-eabi/5.2.1/../../../../arm-none-eabi/lib/armv6-m/libc_nano.a(lib_a-wbuf.o)
                0x000000000001c528                __swbuf_r
 .text._write_r
                0x000000000001c5d8       0x28 /Users/vitaliy/work/nRF51/gcc-arm-none-eabi-5_2-2015q4/bin/../lib/gcc/arm-none-eabi/5.2.1/../../../../arm-none-eabi/lib/armv6-m/libc_nano.a(lib_a-writer.o)
                0x000000000001c5d8                _write_r
 .text.__swsetup_r
                0x000000000001c600       0xe8 /Users/vitaliy/work/nRF51/gcc-arm-none-eabi-5_2-2015q4/bin/../lib/gcc/arm-none-eabi/5.2.1/../../../../arm-none-eabi/lib/armv6-m/libc_nano.a(lib_a-wsetup.o)
                0x000000000001c600                __swsetup_r
 .text._close_r
                0x000000000001c6e8       0x24 /Users/vitaliy/work/nRF51/gcc-arm-none-eabi-5_2-2015q4/bin/../lib/gcc/arm-none-eabi/5.2.1/../../../../arm-none-eabi/lib/armv6-m/libc_nano.a(lib_a-closer.o)
                0x000000000001c6e8                _close_r
 .text.__sflush_r
                0x000000000001c70c      0x10c /Users/vitaliy/work/nRF51/gcc-arm-none-eabi-5_2-2015q4/bin/../lib/gcc/arm-none-eabi/5.2.1/../../../../arm-none-eabi/lib/armv6-m/libc_nano.a(lib_a-fflush.o)
                0x000000000001c70c                __sflush_r
 .text._fflush_r
                0x000000000001c818       0x58 /Users/vitaliy/work/nRF51/gcc-arm-none-eabi-5_2-2015q4/bin/../lib/gcc/arm-none-eabi/5.2.1/../../../../arm-none-eabi/lib/armv6-m/libc_nano.a(lib_a-fflush.o)
                0x000000000001c818                _fflush_r
 .text._lseek_r
                0x000000000001c870       0x28 /Users/vitaliy/work/nRF51/gcc-arm-none-eabi-5_2-2015q4/bin/../lib/gcc/arm-none-eabi/5.2.1/../../../../arm-none-eabi/lib/armv6-m/libc_nano.a(lib_a-lseekr.o)
                0x000000000001c870                _lseek_r
 .text.__smakebuf_r
                0x000000000001c898       0xa4 /Users/vitaliy/work/nRF51/gcc-arm-none-eabi-5_2-2015q4/bin/../lib/gcc/arm-none-eabi/5.2.1/../../../../arm-none-eabi/lib/armv6-m/libc_nano.a(lib_a-makebuf.o)
                0x000000000001c898                __smakebuf_r
 .text.memchr   0x000000000001c93c       0x16 /Users/vitaliy/work/nRF51/gcc-arm-none-eabi-5_2-2015q4/bin/../lib/gcc/arm-none-eabi/5.2.1/../../../../arm-none-eabi/lib/armv6-m/libc_nano.a(lib_a-memchr-stub.o)
                0x000000000001c93c                memchr
 *fill*         0x000000000001c952        0x2 
 .text._free_r  0x000000000001c954       0x8c /Users/vitaliy/work/nRF51/gcc-arm-none-eabi-5_2-2015q4/bin/../lib/gcc/arm-none-eabi/5.2.1/../../../../arm-none-eabi/lib/armv6-m/libc_nano.a(lib_a-nano-freer.o)
                0x000000000001c954                _free_r
 .text._read_r  0x000000000001c9e0       0x28 /Users/vitaliy/work/nRF51/gcc-arm-none-eabi-5_2-2015q4/bin/../lib/gcc/arm-none-eabi/5.2.1/../../../../arm-none-eabi/lib/armv6-m/libc_nano.a(lib_a-readr.o)
                0x000000000001c9e0                _read_r
 .text._fstat_r
                0x000000000001ca08       0x24 /Users/vitaliy/work/nRF51/gcc-arm-none-eabi-5_2-2015q4/bin/../lib/gcc/arm-none-eabi/5.2.1/../../../../arm-none-eabi/lib/armv6-m/libc_nano.a(lib_a-fstatr.o)
                0x000000000001ca08                _fstat_r
 .text._isatty_r
                0x000000000001ca2c       0x24 /Users/vitaliy/work/nRF51/gcc-arm-none-eabi-5_2-2015q4/bin/../lib/gcc/arm-none-eabi/5.2.1/../../../../arm-none-eabi/lib/armv6-m/libc_nano.a(lib_a-isattyr.o)
                0x000000000001ca2c                _isatty_r
 .text._close   0x000000000001ca50       0x10 /Users/vitaliy/work/nRF51/gcc-arm-none-eabi-5_2-2015q4/bin/../lib/gcc/arm-none-eabi/5.2.1/../../../../arm-none-eabi/lib/armv6-m/libnosys.a(close.o)
                0x000000000001ca50                _close
 .text._fstat   0x000000000001ca60       0x10 /Users/vitaliy/work/nRF51/gcc-arm-none-eabi-5_2-2015q4/bin/../lib/gcc/arm-none-eabi/5.2.1/../../../../arm-none-eabi/lib/armv6-m/libnosys.a(fstat.o)
                0x000000000001ca60                _fstat
 .text._isatty  0x000000000001ca70       0x10 /Users/vitaliy/work/nRF51/gcc-arm-none-eabi-5_2-2015q4/bin/../lib/gcc/arm-none-eabi/5.2.1/../../../../arm-none-eabi/lib/armv6-m/libnosys.a(isatty.o)
                0x000000000001ca70                _isatty
 .text._lseek   0x000000000001ca80       0x10 /Users/vitaliy/work/nRF51/gcc-arm-none-eabi-5_2-2015q4/bin/../lib/gcc/arm-none-eabi/5.2.1/../../../../arm-none-eabi/lib/armv6-m/libnosys.a(lseek.o)
                0x000000000001ca80                _lseek
 .text._sbrk    0x000000000001ca90       0x1c /Users/vitaliy/work/nRF51/gcc-arm-none-eabi-5_2-2015q4/bin/../lib/gcc/arm-none-eabi/5.2.1/../../../../arm-none-eabi/lib/armv6-m/libnosys.a(sbrk.o)
                0x000000000001ca90                _sbrk
 *(.init)
 .init          0x000000000001caac        0x4 /Users/vitaliy/work/nRF51/gcc-arm-none-eabi-5_2-2015q4/bin/../lib/gcc/arm-none-eabi/5.2.1/armv6-m/crti.o
                0x000000000001caac                _init
 .init          0x000000000001cab0        0x8 /Users/vitaliy/work/nRF51/gcc-arm-none-eabi-5_2-2015q4/bin/../lib/gcc/arm-none-eabi/5.2.1/armv6-m/crtn.o
 *(.fini)
 .fini          0x000000000001cab8        0x4 /Users/vitaliy/work/nRF51/gcc-arm-none-eabi-5_2-2015q4/bin/../lib/gcc/arm-none-eabi/5.2.1/armv6-m/crti.o
                0x000000000001cab8                _fini
 .fini          0x000000000001cabc        0x8 /Users/vitaliy/work/nRF51/gcc-arm-none-eabi-5_2-2015q4/bin/../lib/gcc/arm-none-eabi/5.2.1/armv6-m/crtn.o
 *crtbegin.o(.ctors)
 *crtbegin?.o(.ctors)
 *(EXCLUDE_FILE(*crtend.o *crtend?.o) .ctors)
 *(SORT(.ctors.*))
 *(.ctors)
 *crtbegin.o(.dtors)
 *crtbegin?.o(.dtors)
 *(EXCLUDE_FILE(*crtend.o *crtend?.o) .dtors)
 *(SORT(.dtors.*))
 *(.dtors)
 *(.rodata*)
 .rodata.str1.1
                0x000000000001cac4        0x2 /Users/vitaliy/work/nRF51/gcc-arm-none-eabi-5_2-2015q4/bin/../lib/gcc/arm-none-eabi/5.2.1/../../../../arm-none-eabi/lib/armv6-m/libc_nano.a(lib_a-impure.o)
 *fill*         0x000000000001cac6        0x2 
 .rodata._global_impure_ptr
                0x000000000001cac8        0x4 /Users/vitaliy/work/nRF51/gcc-arm-none-eabi-5_2-2015q4/bin/../lib/gcc/arm-none-eabi/5.2.1/../../../../arm-none-eabi/lib/armv6-m/libc_nano.a(lib_a-impure.o)
                0x000000000001cac8                _global_impure_ptr
 .rodata.leds_timer_handler
                0x000000000001cacc       0x60 _build/bsp.o
 .rodata.bsp_indication_set
                0x000000000001cb2c       0x60 _build/bsp.o
 .rodata.m_button_timer_id
                0x000000000001cb8c        0x4 _build/bsp.o
 .rodata.m_leds_timer_id
                0x000000000001cb90        0x4 _build/bsp.o
 .rodata.m_alert_timer_id
                0x000000000001cb94        0x4 _build/bsp.o
 .rodata.app_buttons
                0x000000000001cb98       0x20 _build/bsp.o
 .rodata        0x000000000001cbb8        0xc _build/user_uart.o
 .rodata.str1.4
                0x000000000001cbc4       0x58 _build/main.o
                                         0x55 (size before relaxing)
 .rodata.rtc    0x000000000001cc1c        0x8 _build/main.o
                0x000000000001cc1c                rtc
 .rodata.m_detection_delay_timer_id
                0x000000000001cc24        0x4 _build/app_button.o
 .rodata.m_default_config
                0x000000000001cc28        0x6 _build/nrf_drv_rtc.o
 *fill*         0x000000000001cc2e        0x2 
 .rodata        0x000000000001cc30       0x20 _build/app_uart_fifo.o
 .rodata.m_default_config
                0x000000000001cc50       0x20 _build/nrf_drv_uart.o
 .rodata.m_states_len
                0x000000000001cc70       0x14 _build/nrf_drv_twi.o
 .rodata.m_stopped
                0x000000000001cc84       0x18 _build/nrf_drv_twi.o
 .rodata.m_idle
                0x000000000001cc9c       0x10 _build/nrf_drv_twi.o
 .rodata.m_tx_suspended
                0x000000000001ccac       0x28 _build/nrf_drv_twi.o
 .rodata.m_error
                0x000000000001ccd4       0x18 _build/nrf_drv_twi.o
 .rodata.mp_states
                0x000000000001ccec       0x14 _build/nrf_drv_twi.o
 .rodata.m_rx_suspended
                0x000000000001cd00       0x20 _build/nrf_drv_twi.o
 .rodata.__sf_fake_stdin
                0x000000000001cd20       0x20 /Users/vitaliy/work/nRF51/gcc-arm-none-eabi-5_2-2015q4/bin/../lib/gcc/arm-none-eabi/5.2.1/../../../../arm-none-eabi/lib/armv6-m/libc_nano.a(lib_a-findfp.o)
                0x000000000001cd20                __sf_fake_stdin
 .rodata.__sf_fake_stdout
                0x000000000001cd40       0x20 /Users/vitaliy/work/nRF51/gcc-arm-none-eabi-5_2-2015q4/bin/../lib/gcc/arm-none-eabi/5.2.1/../../../../arm-none-eabi/lib/armv6-m/libc_nano.a(lib_a-findfp.o)
                0x000000000001cd40                __sf_fake_stdout
 .rodata.__sf_fake_stderr
                0x000000000001cd60       0x20 /Users/vitaliy/work/nRF51/gcc-arm-none-eabi-5_2-2015q4/bin/../lib/gcc/arm-none-eabi/5.2.1/../../../../arm-none-eabi/lib/armv6-m/libc_nano.a(lib_a-findfp.o)
                0x000000000001cd60                __sf_fake_stderr
 .rodata.str1.1
                0x000000000001cd80       0x11 /Users/vitaliy/work/nRF51/gcc-arm-none-eabi-5_2-2015q4/bin/../lib/gcc/arm-none-eabi/5.2.1/../../../../arm-none-eabi/lib/armv6-m/libc_nano.a(lib_a-nano-vfprintf.o)
 .rodata.str1.1
                0x000000000001cd91       0x22 /Users/vitaliy/work/nRF51/gcc-arm-none-eabi-5_2-2015q4/bin/../lib/gcc/arm-none-eabi/5.2.1/../../../../arm-none-eabi/lib/armv6-m/libc_nano.a(lib_a-nano-vfprintf_i.o)
 *(.eh_frame*)
 *fill*         0x000000000001cdb3        0x1 
 .eh_frame      0x000000000001cdb4        0x0 /Users/vitaliy/work/nRF51/gcc-arm-none-eabi-5_2-2015q4/bin/../lib/gcc/arm-none-eabi/5.2.1/armv6-m/crtbegin.o
                0x000000000001cdb4                . = ALIGN (0x4)

.glue_7         0x000000000001cdb4        0x0
 .glue_7        0x000000000001cdb4        0x0 linker stubs

.glue_7t        0x000000000001cdb4        0x0
 .glue_7t       0x000000000001cdb4        0x0 linker stubs

.vfp11_veneer   0x000000000001cdb4        0x0
 .vfp11_veneer  0x000000000001cdb4        0x0 linker stubs

.v4_bx          0x000000000001cdb4        0x0
 .v4_bx         0x000000000001cdb4        0x0 linker stubs

.iplt           0x000000000001cdb4        0x0
 .iplt          0x000000000001cdb4        0x0 /Users/vitaliy/work/nRF51/gcc-arm-none-eabi-5_2-2015q4/bin/../lib/gcc/arm-none-eabi/5.2.1/armv6-m/crtbegin.o

.ARM.extab      0x000000000001cdb4        0x0
 *(.ARM.extab* .gnu.linkonce.armextab.*)
                0x000000000001cdb4                . = ALIGN (0x4)
                0x000000000001cdb4                __exidx_start = .

.ARM.exidx      0x000000000001cdb4        0x8
 *(.ARM.exidx* .gnu.linkonce.armexidx.*)
 .ARM.exidx     0x000000000001cdb4        0x8 /Users/vitaliy/work/nRF51/gcc-arm-none-eabi-5_2-2015q4/bin/../lib/gcc/arm-none-eabi/5.2.1/../../../../arm-none-eabi/lib/armv6-m/crt0.o
 .ARM.exidx     0x000000000001cdbc        0x0 _build/gcc_startup_nrf51.o
                                          0x8 (size before relaxing)
                0x000000000001cdbc                . = ALIGN (0x4)
                0x000000000001cdbc                __exidx_end = .
                0x000000000001cdbc                __etext = .

.rel.dyn        0x000000000001cdbc        0x0
 .rel.iplt      0x000000000001cdbc        0x0 /Users/vitaliy/work/nRF51/gcc-arm-none-eabi-5_2-2015q4/bin/../lib/gcc/arm-none-eabi/5.2.1/armv6-m/crtbegin.o

.data           0x0000000020002000       0x88 load address 0x000000000001cdbc
                0x0000000020002000                __data_start__ = .
 *(vtable)
 *(.data*)
 .data.impure_data
                0x0000000020002000       0x60 /Users/vitaliy/work/nRF51/gcc-arm-none-eabi-5_2-2015q4/bin/../lib/gcc/arm-none-eabi/5.2.1/../../../../arm-none-eabi/lib/armv6-m/libc_nano.a(lib_a-impure.o)
 .data._impure_ptr
                0x0000000020002060        0x4 /Users/vitaliy/work/nRF51/gcc-arm-none-eabi-5_2-2015q4/bin/../lib/gcc/arm-none-eabi/5.2.1/../../../../arm-none-eabi/lib/armv6-m/libc_nano.a(lib_a-impure.o)
                0x0000000020002060                _impure_ptr
 .data.major_value
                0x0000000020002064        0x2 _build/main.o
                0x0000000020002064                major_value
 .data.minor_value
                0x0000000020002066        0x2 _build/main.o
                0x0000000020002066                minor_value
 .data.m_beacon_info
                0x0000000020002068       0x17 _build/main.o
                0x0000000020002080                . = ALIGN (0x4)
 *fill*         0x000000002000207f        0x1 
                0x0000000020002080                PROVIDE (__preinit_array_start, .)
 *(.preinit_array)
                0x0000000020002080                PROVIDE (__preinit_array_end, .)
                0x0000000020002080                . = ALIGN (0x4)
                0x0000000020002080                PROVIDE (__init_array_start, .)
 *(SORT(.init_array.*))
 *(.init_array)
 .init_array    0x0000000020002080        0x4 /Users/vitaliy/work/nRF51/gcc-arm-none-eabi-5_2-2015q4/bin/../lib/gcc/arm-none-eabi/5.2.1/armv6-m/crtbegin.o
                0x0000000020002084                PROVIDE (__init_array_end, .)
                0x0000000020002084                . = ALIGN (0x4)
                [!provide]                        PROVIDE (__fini_array_start, .)
 *(SORT(.fini_array.*))
 *(.fini_array)
 .fini_array    0x0000000020002084        0x4 /Users/vitaliy/work/nRF51/gcc-arm-none-eabi-5_2-2015q4/bin/../lib/gcc/arm-none-eabi/5.2.1/armv6-m/crtbegin.o
                [!provide]                        PROVIDE (__fini_array_end, .)
 *(.jcr)
 .jcr           0x0000000020002088        0x0 /Users/vitaliy/work/nRF51/gcc-arm-none-eabi-5_2-2015q4/bin/../lib/gcc/arm-none-eabi/5.2.1/armv6-m/crtbegin.o
                0x0000000020002088                . = ALIGN (0x4)
                0x0000000020002088                __data_end__ = .

.tm_clone_table
                0x0000000020002088        0x0 load address 0x000000000001ce44
 .tm_clone_table
                0x0000000020002088        0x0 /Users/vitaliy/work/nRF51/gcc-arm-none-eabi-5_2-2015q4/bin/../lib/gcc/arm-none-eabi/5.2.1/armv6-m/crtbegin.o
 .tm_clone_table
                0x0000000020002088        0x0 /Users/vitaliy/work/nRF51/gcc-arm-none-eabi-5_2-2015q4/bin/../lib/gcc/arm-none-eabi/5.2.1/armv6-m/crtend.o

.igot.plt       0x0000000020002088        0x0 load address 0x000000000001ce44
 .igot.plt      0x0000000020002088        0x0 /Users/vitaliy/work/nRF51/gcc-arm-none-eabi-5_2-2015q4/bin/../lib/gcc/arm-none-eabi/5.2.1/armv6-m/crtbegin.o

.bss            0x0000000020002088      0x510 load address 0x000000000001ce44
                0x0000000020002088                . = ALIGN (0x4)
                0x0000000020002088                __bss_start__ = .
 *(.bss*)
 .bss           0x0000000020002088       0x1c /Users/vitaliy/work/nRF51/gcc-arm-none-eabi-5_2-2015q4/bin/../lib/gcc/arm-none-eabi/5.2.1/armv6-m/crtbegin.o
 .bss.m_leds_timer_id_data
                0x00000000200020a4       0x20 _build/bsp.o
 .bss.m_alert_mask
                0x00000000200020c4        0x4 _build/bsp.o
 .bss.current_long_push_pin_no.6051
                0x00000000200020c8        0x1 _build/bsp.o
 *fill*         0x00000000200020c9        0x3 
 .bss.m_indication_type
                0x00000000200020cc        0x4 _build/bsp.o
 .bss.release_event_at_push.6052
                0x00000000200020d0        0x4 _build/bsp.o
 .bss.m_app_ticks_per_100ms
                0x00000000200020d4        0x4 _build/bsp.o
 .bss.m_registered_callback
                0x00000000200020d8        0x4 _build/bsp.o
 .bss.m_button_timer_id_data
                0x00000000200020dc       0x20 _build/bsp.o
 .bss.m_stable_state
                0x00000000200020fc        0x1 _build/bsp.o
 *fill*         0x00000000200020fd        0x3 
 .bss.m_alert_timer_id_data
                0x0000000020002100       0x20 _build/bsp.o
 .bss.m_events_list
                0x0000000020002120        0xc _build/bsp.o
 .bss.rx_buf.6000
                0x000000002000212c        0x1 _build/user_uart.o
 *fill*         0x000000002000212d        0x3 
 .bss.tx_buf.6001
                0x0000000020002130      0x100 _build/user_uart.o
 .bss.APP_TIMER_BUF.8725
                0x0000000020002230      0x1c8 _build/main.o
 .bss.m_adv_params
                0x00000000200023f8       0x18 _build/main.o
 .bss.BLE_EVT_BUFFER.8696
                0x0000000020002410       0x48 _build/main.o
 .bss.m_ticks_latest
                0x0000000020002458        0x4 _build/app_timer.o
 .bss.mp_timer_id_head
                0x000000002000245c        0x4 _build/app_timer.o
 .bss.m_evt_schedule_func
                0x0000000020002460        0x4 _build/app_timer.o
 .bss.m_user_array_size
                0x0000000020002464        0x1 _build/app_timer.o
 *fill*         0x0000000020002465        0x3 
 .bss.mp_users  0x0000000020002468        0x4 _build/app_timer.o
 .bss.m_ticks_elapsed_q_read_ind
                0x000000002000246c        0x1 _build/app_timer.o
 .bss.m_ticks_elapsed_q_write_ind
                0x000000002000246d        0x1 _build/app_timer.o
 .bss.m_rtc1_reset
                0x000000002000246e        0x1 _build/app_timer.o
 *fill*         0x000000002000246f        0x1 
 .bss.m_ticks_elapsed
                0x0000000020002470        0x8 _build/app_timer.o
 .bss.m_rtc1_running
                0x0000000020002478        0x1 _build/app_timer.o
 *fill*         0x0000000020002479        0x3 
 .bss.m_detection_delay
                0x000000002000247c        0x4 _build/app_button.o
 .bss.mp_buttons
                0x0000000020002480        0x4 _build/app_button.o
 .bss.m_button_count
                0x0000000020002484        0x1 _build/app_button.o
 *fill*         0x0000000020002485        0x3 
 .bss.m_detection_delay_timer_id_data
                0x0000000020002488       0x20 _build/app_button.o
 .bss.m_pin_state
                0x00000000200024a8        0x4 _build/app_button.o
 .bss.m_pin_transition
                0x00000000200024ac        0x4 _build/app_button.o
 .bss.m_handlers
                0x00000000200024b0        0x4 _build/nrf_drv_rtc.o
 .bss.m_cb      0x00000000200024b4        0x3 _build/nrf_drv_rtc.o
 *fill*         0x00000000200024b7        0x1 
 .bss.tx_buffer
                0x00000000200024b8        0x1 _build/app_uart_fifo.o
 *fill*         0x00000000200024b9        0x3 
 .bss.m_event_handler
                0x00000000200024bc        0x4 _build/app_uart_fifo.o
 .bss.rx_buffer
                0x00000000200024c0        0x1 _build/app_uart_fifo.o
 *fill*         0x00000000200024c1        0x3 
 .bss.m_tx_fifo
                0x00000000200024c4       0x10 _build/app_uart_fifo.o
 .bss.m_rx_fifo
                0x00000000200024d4       0x10 _build/app_uart_fifo.o
 .bss.tx_tmp    0x00000000200024e4        0x1 _build/app_uart_fifo.o
 *fill*         0x00000000200024e5        0x3 
 .bss.m_cb      0x00000000200024e8       0x18 _build/nrf_drv_uart.o
 .bss.m_clock_cb
                0x0000000020002500        0x8 _build/nrf_drv_clock.o
 .bss.m_cb      0x0000000020002508       0x48 _build/nrf_drv_gpiote.o
 .bss.m_instances
                0x0000000020002550        0x4 _build/nrf_drv_twi.o
 .bss.m_handlers
                0x0000000020002554        0x4 _build/nrf_drv_twi.o
 .bss.mp_contexts
                0x0000000020002558        0x4 _build/nrf_drv_twi.o
 .bss.m_cb      0x000000002000255c       0x18 _build/nrf_drv_twi.o
 .bss.m_softdevice_enabled
                0x0000000020002574        0x1 _build/softdevice_handler.o
 *fill*         0x0000000020002575        0x1 
 .bss.m_ble_evt_buffer_size
                0x0000000020002576        0x2 _build/softdevice_handler.o
 .bss.mp_ble_evt_buffer
                0x0000000020002578        0x4 _build/softdevice_handler.o
 .bss.m_sys_evt_handler
                0x000000002000257c        0x4 _build/softdevice_handler.o
 .bss.m_ble_evt_handler
                0x0000000020002580        0x4 _build/softdevice_handler.o
 .bss.m_evt_schedule_func
                0x0000000020002584        0x4 _build/softdevice_handler.o
 .bss.__malloc_sbrk_start
                0x0000000020002588        0x4 /Users/vitaliy/work/nRF51/gcc-arm-none-eabi-5_2-2015q4/bin/../lib/gcc/arm-none-eabi/5.2.1/../../../../arm-none-eabi/lib/armv6-m/libc_nano.a(lib_a-nano-mallocr.o)
                0x0000000020002588                __malloc_sbrk_start
 .bss.__malloc_free_list
                0x000000002000258c        0x4 /Users/vitaliy/work/nRF51/gcc-arm-none-eabi-5_2-2015q4/bin/../lib/gcc/arm-none-eabi/5.2.1/../../../../arm-none-eabi/lib/armv6-m/libc_nano.a(lib_a-nano-mallocr.o)
                0x000000002000258c                __malloc_free_list
 .bss.heap_end.4167
                0x0000000020002590        0x4 /Users/vitaliy/work/nRF51/gcc-arm-none-eabi-5_2-2015q4/bin/../lib/gcc/arm-none-eabi/5.2.1/../../../../arm-none-eabi/lib/armv6-m/libnosys.a(sbrk.o)
 *(COMMON)
 COMMON         0x0000000020002594        0x4 /Users/vitaliy/work/nRF51/gcc-arm-none-eabi-5_2-2015q4/bin/../lib/gcc/arm-none-eabi/5.2.1/../../../../arm-none-eabi/lib/armv6-m/libc_nano.a(lib_a-reent.o)
                0x0000000020002594                errno
                0x0000000020002598                . = ALIGN (0x4)
                0x0000000020002598                __bss_end__ = .

.heap           0x0000000020002598      0x800
                0x0000000020002598                __end__ = .
                0x0000000020002598                end = __end__
 *(.heap*)
 .heap          0x0000000020002598      0x800 _build/gcc_startup_nrf51.o
                0x0000000020002598                __HeapBase
                0x0000000020002d98                __HeapLimit = .

.stack_dummy    0x0000000020002598      0x800
 *(.stack*)
 .stack         0x0000000020002598      0x800 _build/gcc_startup_nrf51.o
                0x0000000020004000                __StackTop = (ORIGIN (RAM) + LENGTH (RAM))
                0x0000000020003800                __StackLimit = (__StackTop - SIZEOF (.stack_dummy))
                0x0000000020004000                PROVIDE (__stack, __StackTop)
                0x0000000000000001                ASSERT ((__StackLimit >= __HeapLimit), region RAM overflowed with stack)
OUTPUT(_build/nrf51422_xxac_s110.out elf32-littlearm)

.ARM.attributes
                0x0000000000000000       0x28
 .ARM.attributes
                0x0000000000000000       0x1e /Users/vitaliy/work/nRF51/gcc-arm-none-eabi-5_2-2015q4/bin/../lib/gcc/arm-none-eabi/5.2.1/armv6-m/crti.o
 .ARM.attributes
                0x000000000000001e       0x2c /Users/vitaliy/work/nRF51/gcc-arm-none-eabi-5_2-2015q4/bin/../lib/gcc/arm-none-eabi/5.2.1/armv6-m/crtbegin.o
 .ARM.attributes
                0x000000000000004a       0x1b /Users/vitaliy/work/nRF51/gcc-arm-none-eabi-5_2-2015q4/bin/../lib/gcc/arm-none-eabi/5.2.1/../../../../arm-none-eabi/lib/armv6-m/crt0.o
 .ARM.attributes
                0x0000000000000065       0x2c /Users/vitaliy/work/nRF51/gcc-arm-none-eabi-5_2-2015q4/bin/../lib/gcc/arm-none-eabi/5.2.1/../../../../arm-none-eabi/lib/armv6-m/libc_nano.a(lib_a-exit.o)
 .ARM.attributes
                0x0000000000000091       0x2c /Users/vitaliy/work/nRF51/gcc-arm-none-eabi-5_2-2015q4/bin/../lib/gcc/arm-none-eabi/5.2.1/../../../../arm-none-eabi/lib/armv6-m/libc_nano.a(lib_a-impure.o)
 .ARM.attributes
                0x00000000000000bd       0x2c /Users/vitaliy/work/nRF51/gcc-arm-none-eabi-5_2-2015q4/bin/../lib/gcc/arm-none-eabi/5.2.1/../../../../arm-none-eabi/lib/armv6-m/libc_nano.a(lib_a-init.o)
 .ARM.attributes
                0x00000000000000e9       0x2c /Users/vitaliy/work/nRF51/gcc-arm-none-eabi-5_2-2015q4/bin/../lib/gcc/arm-none-eabi/5.2.1/../../../../arm-none-eabi/lib/armv6-m/libc_nano.a(lib_a-memset.o)
 .ARM.attributes
                0x0000000000000115       0x2c /Users/vitaliy/work/nRF51/gcc-arm-none-eabi-5_2-2015q4/bin/../lib/gcc/arm-none-eabi/5.2.1/../../../../arm-none-eabi/lib/armv6-m/libnosys.a(_exit.o)
 .ARM.attributes
                0x0000000000000141       0x31 _build/bsp.o
 .ARM.attributes
                0x0000000000000172       0x31 _build/user_uart.o
 .ARM.attributes
                0x00000000000001a3       0x31 _build/user_twi.o
 .ARM.attributes
                0x00000000000001d4       0x31 _build/main.o
 .ARM.attributes
                0x0000000000000205       0x31 _build/ble_advdata.o
 .ARM.attributes
                0x0000000000000236       0x31 _build/system_nrf51.o
 .ARM.attributes
                0x0000000000000267       0x31 _build/retarget.o
 .ARM.attributes
                0x0000000000000298       0x31 _build/app_fifo.o
 .ARM.attributes
                0x00000000000002c9       0x31 _build/app_error.o
 .ARM.attributes
                0x00000000000002fa       0x31 _build/app_timer.o
 .ARM.attributes
                0x000000000000032b       0x31 _build/app_button.o
 .ARM.attributes
                0x000000000000035c       0x31 _build/nrf_drv_rtc.o
 .ARM.attributes
                0x000000000000038d       0x31 _build/app_uart_fifo.o
 .ARM.attributes
                0x00000000000003be       0x31 _build/nrf_drv_uart.o
 .ARM.attributes
                0x00000000000003ef       0x31 _build/nrf_drv_clock.o
 .ARM.attributes
                0x0000000000000420       0x31 _build/nrf_drv_gpiote.o
 .ARM.attributes
                0x0000000000000451       0x31 _build/nrf_drv_common.o
 .ARM.attributes
                0x0000000000000482       0x31 _build/nrf_drv_twi.o
 .ARM.attributes
                0x00000000000004b3       0x31 _build/softdevice_handler.o
 .ARM.attributes
                0x00000000000004e4       0x1b _build/gcc_startup_nrf51.o
 .ARM.attributes
                0x00000000000004ff       0x1e /Users/vitaliy/work/nRF51/gcc-arm-none-eabi-5_2-2015q4/bin/../lib/gcc/arm-none-eabi/5.2.1/armv6-m/libgcc.a(_udivsi3.o)
 .ARM.attributes
                0x000000000000051d       0x1e /Users/vitaliy/work/nRF51/gcc-arm-none-eabi-5_2-2015q4/bin/../lib/gcc/arm-none-eabi/5.2.1/armv6-m/libgcc.a(_dvmd_tls.o)
 .ARM.attributes
                0x000000000000053b       0x2c /Users/vitaliy/work/nRF51/gcc-arm-none-eabi-5_2-2015q4/bin/../lib/gcc/arm-none-eabi/5.2.1/../../../../arm-none-eabi/lib/armv6-m/libc_nano.a(lib_a-memcpy-stub.o)
 .ARM.attributes
                0x0000000000000567       0x2c /Users/vitaliy/work/nRF51/gcc-arm-none-eabi-5_2-2015q4/bin/../lib/gcc/arm-none-eabi/5.2.1/../../../../arm-none-eabi/lib/armv6-m/libc_nano.a(lib_a-printf.o)
 .ARM.attributes
                0x0000000000000593       0x2c /Users/vitaliy/work/nRF51/gcc-arm-none-eabi-5_2-2015q4/bin/../lib/gcc/arm-none-eabi/5.2.1/../../../../arm-none-eabi/lib/armv6-m/libc_nano.a(lib_a-findfp.o)
 .ARM.attributes
                0x00000000000005bf       0x2c /Users/vitaliy/work/nRF51/gcc-arm-none-eabi-5_2-2015q4/bin/../lib/gcc/arm-none-eabi/5.2.1/../../../../arm-none-eabi/lib/armv6-m/libc_nano.a(lib_a-fwalk.o)
 .ARM.attributes
                0x00000000000005eb       0x2c /Users/vitaliy/work/nRF51/gcc-arm-none-eabi-5_2-2015q4/bin/../lib/gcc/arm-none-eabi/5.2.1/../../../../arm-none-eabi/lib/armv6-m/libc_nano.a(lib_a-nano-mallocr.o)
 .ARM.attributes
                0x0000000000000617       0x2c /Users/vitaliy/work/nRF51/gcc-arm-none-eabi-5_2-2015q4/bin/../lib/gcc/arm-none-eabi/5.2.1/../../../../arm-none-eabi/lib/armv6-m/libc_nano.a(lib_a-nano-vfprintf.o)
 .ARM.attributes
                0x0000000000000643       0x2c /Users/vitaliy/work/nRF51/gcc-arm-none-eabi-5_2-2015q4/bin/../lib/gcc/arm-none-eabi/5.2.1/../../../../arm-none-eabi/lib/armv6-m/libc_nano.a(lib_a-nano-vfprintf_i.o)
 .ARM.attributes
                0x000000000000066f       0x2c /Users/vitaliy/work/nRF51/gcc-arm-none-eabi-5_2-2015q4/bin/../lib/gcc/arm-none-eabi/5.2.1/../../../../arm-none-eabi/lib/armv6-m/libc_nano.a(lib_a-sbrkr.o)
 .ARM.attributes
                0x000000000000069b       0x2c /Users/vitaliy/work/nRF51/gcc-arm-none-eabi-5_2-2015q4/bin/../lib/gcc/arm-none-eabi/5.2.1/../../../../arm-none-eabi/lib/armv6-m/libc_nano.a(lib_a-stdio.o)
 .ARM.attributes
                0x00000000000006c7       0x2c /Users/vitaliy/work/nRF51/gcc-arm-none-eabi-5_2-2015q4/bin/../lib/gcc/arm-none-eabi/5.2.1/../../../../arm-none-eabi/lib/armv6-m/libc_nano.a(lib_a-wbuf.o)
 .ARM.attributes
                0x00000000000006f3       0x2c /Users/vitaliy/work/nRF51/gcc-arm-none-eabi-5_2-2015q4/bin/../lib/gcc/arm-none-eabi/5.2.1/../../../../arm-none-eabi/lib/armv6-m/libc_nano.a(lib_a-writer.o)
 .ARM.attributes
                0x000000000000071f       0x2c /Users/vitaliy/work/nRF51/gcc-arm-none-eabi-5_2-2015q4/bin/../lib/gcc/arm-none-eabi/5.2.1/../../../../arm-none-eabi/lib/armv6-m/libc_nano.a(lib_a-wsetup.o)
 .ARM.attributes
                0x000000000000074b       0x2c /Users/vitaliy/work/nRF51/gcc-arm-none-eabi-5_2-2015q4/bin/../lib/gcc/arm-none-eabi/5.2.1/../../../../arm-none-eabi/lib/armv6-m/libc_nano.a(lib_a-closer.o)
 .ARM.attributes
                0x0000000000000777       0x2c /Users/vitaliy/work/nRF51/gcc-arm-none-eabi-5_2-2015q4/bin/../lib/gcc/arm-none-eabi/5.2.1/../../../../arm-none-eabi/lib/armv6-m/libc_nano.a(lib_a-fflush.o)
 .ARM.attributes
                0x00000000000007a3       0x2c /Users/vitaliy/work/nRF51/gcc-arm-none-eabi-5_2-2015q4/bin/../lib/gcc/arm-none-eabi/5.2.1/../../../../arm-none-eabi/lib/armv6-m/libc_nano.a(lib_a-lseekr.o)
 .ARM.attributes
                0x00000000000007cf       0x2c /Users/vitaliy/work/nRF51/gcc-arm-none-eabi-5_2-2015q4/bin/../lib/gcc/arm-none-eabi/5.2.1/../../../../arm-none-eabi/lib/armv6-m/libc_nano.a(lib_a-makebuf.o)
 .ARM.attributes
                0x00000000000007fb       0x2c /Users/vitaliy/work/nRF51/gcc-arm-none-eabi-5_2-2015q4/bin/../lib/gcc/arm-none-eabi/5.2.1/../../../../arm-none-eabi/lib/armv6-m/libc_nano.a(lib_a-memchr-stub.o)
 .ARM.attributes
                0x0000000000000827       0x2c /Users/vitaliy/work/nRF51/gcc-arm-none-eabi-5_2-2015q4/bin/../lib/gcc/arm-none-eabi/5.2.1/../../../../arm-none-eabi/lib/armv6-m/libc_nano.a(lib_a-nano-freer.o)
 .ARM.attributes
                0x0000000000000853       0x2c /Users/vitaliy/work/nRF51/gcc-arm-none-eabi-5_2-2015q4/bin/../lib/gcc/arm-none-eabi/5.2.1/../../../../arm-none-eabi/lib/armv6-m/libc_nano.a(lib_a-readr.o)
 .ARM.attributes
                0x000000000000087f       0x2c /Users/vitaliy/work/nRF51/gcc-arm-none-eabi-5_2-2015q4/bin/../lib/gcc/arm-none-eabi/5.2.1/../../../../arm-none-eabi/lib/armv6-m/libc_nano.a(lib_a-reent.o)
 .ARM.attributes
                0x00000000000008ab       0x2c /Users/vitaliy/work/nRF51/gcc-arm-none-eabi-5_2-2015q4/bin/../lib/gcc/arm-none-eabi/5.2.1/../../../../arm-none-eabi/lib/armv6-m/libc_nano.a(lib_a-fstatr.o)
 .ARM.attributes
                0x00000000000008d7       0x2c /Users/vitaliy/work/nRF51/gcc-arm-none-eabi-5_2-2015q4/bin/../lib/gcc/arm-none-eabi/5.2.1/../../../../arm-none-eabi/lib/armv6-m/libc_nano.a(lib_a-isattyr.o)
 .ARM.attributes
                0x0000000000000903       0x2c /Users/vitaliy/work/nRF51/gcc-arm-none-eabi-5_2-2015q4/bin/../lib/gcc/arm-none-eabi/5.2.1/armv6-m/crtend.o
 .ARM.attributes
                0x000000000000092f       0x1e /Users/vitaliy/work/nRF51/gcc-arm-none-eabi-5_2-2015q4/bin/../lib/gcc/arm-none-eabi/5.2.1/armv6-m/crtn.o
 .ARM.attributes
                0x000000000000094d       0x2c /Users/vitaliy/work/nRF51/gcc-arm-none-eabi-5_2-2015q4/bin/../lib/gcc/arm-none-eabi/5.2.1/../../../../arm-none-eabi/lib/armv6-m/libnosys.a(close.o)
 .ARM.attributes
                0x0000000000000979       0x2c /Users/vitaliy/work/nRF51/gcc-arm-none-eabi-5_2-2015q4/bin/../lib/gcc/arm-none-eabi/5.2.1/../../../../arm-none-eabi/lib/armv6-m/libnosys.a(fstat.o)
 .ARM.attributes
                0x00000000000009a5       0x2c /Users/vitaliy/work/nRF51/gcc-arm-none-eabi-5_2-2015q4/bin/../lib/gcc/arm-none-eabi/5.2.1/../../../../arm-none-eabi/lib/armv6-m/libnosys.a(isatty.o)
 .ARM.attributes
                0x00000000000009d1       0x2c /Users/vitaliy/work/nRF51/gcc-arm-none-eabi-5_2-2015q4/bin/../lib/gcc/arm-none-eabi/5.2.1/../../../../arm-none-eabi/lib/armv6-m/libnosys.a(lseek.o)
 .ARM.attributes
                0x00000000000009fd       0x2c /Users/vitaliy/work/nRF51/gcc-arm-none-eabi-5_2-2015q4/bin/../lib/gcc/arm-none-eabi/5.2.1/../../../../arm-none-eabi/lib/armv6-m/libnosys.a(sbrk.o)

.comment        0x0000000000000000       0x6e
 .comment       0x0000000000000000       0x6e _build/bsp.o
                                         0x6f (size before relaxing)
 .comment       0x000000000000006e       0x6f _build/user_uart.o
 .comment       0x000000000000006e       0x6f _build/user_twi.o
 .comment       0x000000000000006e       0x6f _build/main.o
 .comment       0x000000000000006e       0x6f _build/ble_advdata.o
 .comment       0x000000000000006e       0x6f _build/system_nrf51.o
 .comment       0x000000000000006e       0x6f _build/retarget.o
 .comment       0x000000000000006e       0x6f _build/app_fifo.o
 .comment       0x000000000000006e       0x6f _build/app_error.o
 .comment       0x000000000000006e       0x6f _build/app_timer.o
 .comment       0x000000000000006e       0x6f _build/app_button.o
 .comment       0x000000000000006e       0x6f _build/nrf_drv_rtc.o
 .comment       0x000000000000006e       0x6f _build/app_uart_fifo.o
 .comment       0x000000000000006e       0x6f _build/nrf_drv_uart.o
 .comment       0x000000000000006e       0x6f _build/nrf_drv_clock.o
 .comment       0x000000000000006e       0x6f _build/nrf_drv_gpiote.o
 .comment       0x000000000000006e       0x6f _build/nrf_drv_common.o
 .comment       0x000000000000006e       0x6f _build/nrf_drv_twi.o
 .comment       0x000000000000006e       0x6f _build/softdevice_handler.o

.debug_frame    0x0000000000000000      0x7e4
 .debug_frame   0x0000000000000000       0x28 /Users/vitaliy/work/nRF51/gcc-arm-none-eabi-5_2-2015q4/bin/../lib/gcc/arm-none-eabi/5.2.1/../../../../arm-none-eabi/lib/armv6-m/libc_nano.a(lib_a-exit.o)
 .debug_frame   0x0000000000000028       0x2c /Users/vitaliy/work/nRF51/gcc-arm-none-eabi-5_2-2015q4/bin/../lib/gcc/arm-none-eabi/5.2.1/../../../../arm-none-eabi/lib/armv6-m/libc_nano.a(lib_a-init.o)
 .debug_frame   0x0000000000000054       0x20 /Users/vitaliy/work/nRF51/gcc-arm-none-eabi-5_2-2015q4/bin/../lib/gcc/arm-none-eabi/5.2.1/../../../../arm-none-eabi/lib/armv6-m/libc_nano.a(lib_a-memset.o)
 .debug_frame   0x0000000000000074       0x20 /Users/vitaliy/work/nRF51/gcc-arm-none-eabi-5_2-2015q4/bin/../lib/gcc/arm-none-eabi/5.2.1/../../../../arm-none-eabi/lib/armv6-m/libnosys.a(_exit.o)
 .debug_frame   0x0000000000000094       0x20 /Users/vitaliy/work/nRF51/gcc-arm-none-eabi-5_2-2015q4/bin/../lib/gcc/arm-none-eabi/5.2.1/armv6-m/libgcc.a(_udivsi3.o)
 .debug_frame   0x00000000000000b4       0x28 /Users/vitaliy/work/nRF51/gcc-arm-none-eabi-5_2-2015q4/bin/../lib/gcc/arm-none-eabi/5.2.1/../../../../arm-none-eabi/lib/armv6-m/libc_nano.a(lib_a-memcpy-stub.o)
 .debug_frame   0x00000000000000dc       0x50 /Users/vitaliy/work/nRF51/gcc-arm-none-eabi-5_2-2015q4/bin/../lib/gcc/arm-none-eabi/5.2.1/../../../../arm-none-eabi/lib/armv6-m/libc_nano.a(lib_a-printf.o)
 .debug_frame   0x000000000000012c      0x140 /Users/vitaliy/work/nRF51/gcc-arm-none-eabi-5_2-2015q4/bin/../lib/gcc/arm-none-eabi/5.2.1/../../../../arm-none-eabi/lib/armv6-m/libc_nano.a(lib_a-findfp.o)
 .debug_frame   0x000000000000026c       0x58 /Users/vitaliy/work/nRF51/gcc-arm-none-eabi-5_2-2015q4/bin/../lib/gcc/arm-none-eabi/5.2.1/../../../../arm-none-eabi/lib/armv6-m/libc_nano.a(lib_a-fwalk.o)
 .debug_frame   0x00000000000002c4       0x2c /Users/vitaliy/work/nRF51/gcc-arm-none-eabi-5_2-2015q4/bin/../lib/gcc/arm-none-eabi/5.2.1/../../../../arm-none-eabi/lib/armv6-m/libc_nano.a(lib_a-nano-mallocr.o)
 .debug_frame   0x00000000000002f0       0x9c /Users/vitaliy/work/nRF51/gcc-arm-none-eabi-5_2-2015q4/bin/../lib/gcc/arm-none-eabi/5.2.1/../../../../arm-none-eabi/lib/armv6-m/libc_nano.a(lib_a-nano-vfprintf.o)
 .debug_frame   0x000000000000038c       0x54 /Users/vitaliy/work/nRF51/gcc-arm-none-eabi-5_2-2015q4/bin/../lib/gcc/arm-none-eabi/5.2.1/../../../../arm-none-eabi/lib/armv6-m/libc_nano.a(lib_a-nano-vfprintf_i.o)
 .debug_frame   0x00000000000003e0       0x2c /Users/vitaliy/work/nRF51/gcc-arm-none-eabi-5_2-2015q4/bin/../lib/gcc/arm-none-eabi/5.2.1/../../../../arm-none-eabi/lib/armv6-m/libc_nano.a(lib_a-sbrkr.o)
 .debug_frame   0x000000000000040c       0x90 /Users/vitaliy/work/nRF51/gcc-arm-none-eabi-5_2-2015q4/bin/../lib/gcc/arm-none-eabi/5.2.1/../../../../arm-none-eabi/lib/armv6-m/libc_nano.a(lib_a-stdio.o)
 .debug_frame   0x000000000000049c       0x48 /Users/vitaliy/work/nRF51/gcc-arm-none-eabi-5_2-2015q4/bin/../lib/gcc/arm-none-eabi/5.2.1/../../../../arm-none-eabi/lib/armv6-m/libc_nano.a(lib_a-wbuf.o)
 .debug_frame   0x00000000000004e4       0x2c /Users/vitaliy/work/nRF51/gcc-arm-none-eabi-5_2-2015q4/bin/../lib/gcc/arm-none-eabi/5.2.1/../../../../arm-none-eabi/lib/armv6-m/libc_nano.a(lib_a-writer.o)
 .debug_frame   0x0000000000000510       0x2c /Users/vitaliy/work/nRF51/gcc-arm-none-eabi-5_2-2015q4/bin/../lib/gcc/arm-none-eabi/5.2.1/../../../../arm-none-eabi/lib/armv6-m/libc_nano.a(lib_a-wsetup.o)
 .debug_frame   0x000000000000053c       0x2c /Users/vitaliy/work/nRF51/gcc-arm-none-eabi-5_2-2015q4/bin/../lib/gcc/arm-none-eabi/5.2.1/../../../../arm-none-eabi/lib/armv6-m/libc_nano.a(lib_a-closer.o)
 .debug_frame   0x0000000000000568       0x68 /Users/vitaliy/work/nRF51/gcc-arm-none-eabi-5_2-2015q4/bin/../lib/gcc/arm-none-eabi/5.2.1/../../../../arm-none-eabi/lib/armv6-m/libc_nano.a(lib_a-fflush.o)
 .debug_frame   0x00000000000005d0       0x2c /Users/vitaliy/work/nRF51/gcc-arm-none-eabi-5_2-2015q4/bin/../lib/gcc/arm-none-eabi/5.2.1/../../../../arm-none-eabi/lib/armv6-m/libc_nano.a(lib_a-lseekr.o)
 .debug_frame   0x00000000000005fc       0x30 /Users/vitaliy/work/nRF51/gcc-arm-none-eabi-5_2-2015q4/bin/../lib/gcc/arm-none-eabi/5.2.1/../../../../arm-none-eabi/lib/armv6-m/libc_nano.a(lib_a-makebuf.o)
 .debug_frame   0x000000000000062c       0x20 /Users/vitaliy/work/nRF51/gcc-arm-none-eabi-5_2-2015q4/bin/../lib/gcc/arm-none-eabi/5.2.1/../../../../arm-none-eabi/lib/armv6-m/libc_nano.a(lib_a-memchr-stub.o)
 .debug_frame   0x000000000000064c       0x2c /Users/vitaliy/work/nRF51/gcc-arm-none-eabi-5_2-2015q4/bin/../lib/gcc/arm-none-eabi/5.2.1/../../../../arm-none-eabi/lib/armv6-m/libc_nano.a(lib_a-nano-freer.o)
 .debug_frame   0x0000000000000678       0x2c /Users/vitaliy/work/nRF51/gcc-arm-none-eabi-5_2-2015q4/bin/../lib/gcc/arm-none-eabi/5.2.1/../../../../arm-none-eabi/lib/armv6-m/libc_nano.a(lib_a-readr.o)
 .debug_frame   0x00000000000006a4       0x48 /Users/vitaliy/work/nRF51/gcc-arm-none-eabi-5_2-2015q4/bin/../lib/gcc/arm-none-eabi/5.2.1/../../../../arm-none-eabi/lib/armv6-m/libc_nano.a(lib_a-reent.o)
 .debug_frame   0x00000000000006ec       0x2c /Users/vitaliy/work/nRF51/gcc-arm-none-eabi-5_2-2015q4/bin/../lib/gcc/arm-none-eabi/5.2.1/../../../../arm-none-eabi/lib/armv6-m/libc_nano.a(lib_a-fstatr.o)
 .debug_frame   0x0000000000000718       0x2c /Users/vitaliy/work/nRF51/gcc-arm-none-eabi-5_2-2015q4/bin/../lib/gcc/arm-none-eabi/5.2.1/../../../../arm-none-eabi/lib/armv6-m/libc_nano.a(lib_a-isattyr.o)
 .debug_frame   0x0000000000000744       0x20 /Users/vitaliy/work/nRF51/gcc-arm-none-eabi-5_2-2015q4/bin/../lib/gcc/arm-none-eabi/5.2.1/../../../../arm-none-eabi/lib/armv6-m/libnosys.a(close.o)
 .debug_frame   0x0000000000000764       0x20 /Users/vitaliy/work/nRF51/gcc-arm-none-eabi-5_2-2015q4/bin/../lib/gcc/arm-none-eabi/5.2.1/../../../../arm-none-eabi/lib/armv6-m/libnosys.a(fstat.o)
 .debug_frame   0x0000000000000784       0x20 /Users/vitaliy/work/nRF51/gcc-arm-none-eabi-5_2-2015q4/bin/../lib/gcc/arm-none-eabi/5.2.1/../../../../arm-none-eabi/lib/armv6-m/libnosys.a(isatty.o)
 .debug_frame   0x00000000000007a4       0x20 /Users/vitaliy/work/nRF51/gcc-arm-none-eabi-5_2-2015q4/bin/../lib/gcc/arm-none-eabi/5.2.1/../../../../arm-none-eabi/lib/armv6-m/libnosys.a(lseek.o)
 .debug_frame   0x00000000000007c4       0x20 /Users/vitaliy/work/nRF51/gcc-arm-none-eabi-5_2-2015q4/bin/../lib/gcc/arm-none-eabi/5.2.1/../../../../arm-none-eabi/lib/armv6-m/libnosys.a(sbrk.o)

.stab           0x0000000000000000       0x6c
 .stab          0x0000000000000000       0x24 /Users/vitaliy/work/nRF51/gcc-arm-none-eabi-5_2-2015q4/bin/../lib/gcc/arm-none-eabi/5.2.1/../../../../arm-none-eabi/lib/armv6-m/libnosys.a(close.o)
 .stab          0x0000000000000024       0x18 /Users/vitaliy/work/nRF51/gcc-arm-none-eabi-5_2-2015q4/bin/../lib/gcc/arm-none-eabi/5.2.1/../../../../arm-none-eabi/lib/armv6-m/libnosys.a(fstat.o)
                                         0x24 (size before relaxing)
 .stab          0x000000000000003c       0x18 /Users/vitaliy/work/nRF51/gcc-arm-none-eabi-5_2-2015q4/bin/../lib/gcc/arm-none-eabi/5.2.1/../../../../arm-none-eabi/lib/armv6-m/libnosys.a(isatty.o)
                                         0x24 (size before relaxing)
 .stab          0x0000000000000054       0x18 /Users/vitaliy/work/nRF51/gcc-arm-none-eabi-5_2-2015q4/bin/../lib/gcc/arm-none-eabi/5.2.1/../../../../arm-none-eabi/lib/armv6-m/libnosys.a(lseek.o)
                                         0x24 (size before relaxing)

.stabstr        0x0000000000000000       0xe3
 .stabstr       0x0000000000000000       0xe3 /Users/vitaliy/work/nRF51/gcc-arm-none-eabi-5_2-2015q4/bin/../lib/gcc/arm-none-eabi/5.2.1/../../../../arm-none-eabi/lib/armv6-m/libnosys.a(close.o)
